
=== New Session: 2025-12-25 16:07:33.138 ===
[2025-12-25 16:07:33.144] Request #1 sent to localhost:50051
[2025-12-25 16:07:33.369] Request #1 completed - Latency: 224ms - Success: YES
[2025-12-25 16:07:33.870] Request #2 sent to localhost:50051
[2025-12-25 16:07:33.989] Request #2 completed - Latency: 118ms - Success: YES
[2025-12-25 16:07:34.492] Request #3 sent to localhost:50051
[2025-12-25 16:07:34.622] Request #3 completed - Latency: 130ms - Success: YES
[2025-12-25 16:07:35.124] Request #4 sent to localhost:50051
[2025-12-25 16:07:35.222] Request #4 completed - Latency: 97ms - Success: YES
[2025-12-25 16:07:35.724] Request #5 sent to localhost:50051
[2025-12-25 16:07:35.824] Request #5 completed - Latency: 99ms - Success: YES
[2025-12-25 16:07:36.328] Request #6 sent to localhost:50051
[2025-12-25 16:07:36.417] Request #6 completed - Latency: 89ms - Success: YES
[2025-12-25 16:07:36.918] Request #7 sent to localhost:50051
[2025-12-25 16:07:36.977] Request #7 completed - Latency: 59ms - Success: YES
[2025-12-25 16:07:37.481] Request #8 sent to localhost:50051
[2025-12-25 16:07:37.547] Request #8 completed - Latency: 65ms - Success: YES
[2025-12-25 16:07:38.51] Request #9 sent to localhost:50051
[2025-12-25 16:07:38.118] Request #9 completed - Latency: 66ms - Success: YES
[2025-12-25 16:07:38.622] Request #10 sent to localhost:50051
[2025-12-25 16:07:38.688] Request #10 completed - Latency: 65ms - Success: YES
[2025-12-25 16:07:39.189] Request #11 sent to localhost:50051
[2025-12-25 16:07:39.242] Request #11 completed - Latency: 53ms - Success: YES
[2025-12-25 16:07:39.744] Request #12 sent to localhost:50051
[2025-12-25 16:07:39.801] Request #12 completed - Latency: 56ms - Success: YES
[2025-12-25 16:07:40.303] Request #13 sent to localhost:50051
[2025-12-25 16:07:40.368] Request #13 completed - Latency: 65ms - Success: YES
[2025-12-25 16:07:40.869] Request #14 sent to localhost:50051
[2025-12-25 16:07:40.932] Request #14 completed - Latency: 63ms - Success: YES
[2025-12-25 16:07:41.433] Request #15 sent to localhost:50051
[2025-12-25 16:07:41.497] Request #15 completed - Latency: 64ms - Success: YES
[2025-12-25 16:07:41.998] Request #16 sent to localhost:50051
[2025-12-25 16:07:42.59] Request #16 completed - Latency: 60ms - Success: YES
[2025-12-25 16:07:42.559] Request #17 sent to localhost:50051
[2025-12-25 16:07:42.628] Request #17 completed - Latency: 68ms - Success: YES
[2025-12-25 16:07:43.129] Request #18 sent to localhost:50051
[2025-12-25 16:07:43.200] Request #18 completed - Latency: 71ms - Success: YES
[2025-12-25 16:07:43.701] Request #19 sent to localhost:50051
[2025-12-25 16:07:43.770] Request #19 completed - Latency: 69ms - Success: YES
[2025-12-25 16:07:44.271] Request #20 sent to localhost:50051
[2025-12-25 16:07:44.333] Request #20 completed - Latency: 62ms - Success: YES
[2025-12-25 16:07:44.834] Request #21 sent to localhost:50051
[2025-12-25 16:07:44.886] Request #21 completed - Latency: 52ms - Success: YES
[2025-12-25 16:07:45.388] Request #22 sent to localhost:50051
[2025-12-25 16:07:45.459] Request #22 completed - Latency: 70ms - Success: YES
[2025-12-25 16:07:45.959] Request #23 sent to localhost:50051
[2025-12-25 16:07:46.34] Request #23 completed - Latency: 74ms - Success: YES
[2025-12-25 16:07:46.535] Request #24 sent to localhost:50051
[2025-12-25 16:07:46.600] Request #24 completed - Latency: 65ms - Success: YES
[2025-12-25 16:07:47.100] Request #25 sent to localhost:50051
[2025-12-25 16:07:47.166] Request #25 completed - Latency: 65ms - Success: YES
[2025-12-25 16:07:47.666] Request #26 sent to localhost:50051
[2025-12-25 16:07:47.729] Request #26 completed - Latency: 62ms - Success: YES
[2025-12-25 16:07:48.229] Request #27 sent to localhost:50051
[2025-12-25 16:07:48.293] Request #27 completed - Latency: 64ms - Success: YES
[2025-12-25 16:07:48.794] Request #28 sent to localhost:50051
[2025-12-25 16:07:48.859] Request #28 completed - Latency: 64ms - Success: YES
[2025-12-25 16:07:49.359] Request #29 sent to localhost:50051
[2025-12-25 16:07:49.418] Request #29 completed - Latency: 58ms - Success: YES
[2025-12-25 16:07:49.918] Request #30 sent to localhost:50051
[2025-12-25 16:07:49.973] Request #30 completed - Latency: 54ms - Success: YES
[2025-12-25 16:07:50.473] Request #31 sent to localhost:50051
[2025-12-25 16:07:50.535] Request #31 completed - Latency: 61ms - Success: YES
[2025-12-25 16:07:51.35] Request #32 sent to localhost:50051
[2025-12-25 16:07:51.100] Request #32 completed - Latency: 64ms - Success: YES
[2025-12-25 16:07:51.601] Request #33 sent to localhost:50051
[2025-12-25 16:07:51.662] Request #33 completed - Latency: 61ms - Success: YES
[2025-12-25 16:07:52.163] Request #34 sent to localhost:50051
[2025-12-25 16:07:52.235] Request #34 completed - Latency: 72ms - Success: YES
[2025-12-25 16:07:52.735] Request #35 sent to localhost:50051
[2025-12-25 16:07:52.794] Request #35 completed - Latency: 58ms - Success: YES
[2025-12-25 16:07:53.294] Request #36 sent to localhost:50051
[2025-12-25 16:07:53.359] Request #36 completed - Latency: 64ms - Success: YES
[2025-12-25 16:07:53.860] Request #37 sent to localhost:50051
[2025-12-25 16:07:53.920] Request #37 completed - Latency: 60ms - Success: YES
[2025-12-25 16:07:54.421] Request #38 sent to localhost:50051
[2025-12-25 16:07:54.475] Request #38 completed - Latency: 54ms - Success: YES
[2025-12-25 16:07:54.976] Request #39 sent to localhost:50051
[2025-12-25 16:07:55.37] Request #39 completed - Latency: 60ms - Success: YES
[2025-12-25 16:07:55.537] Request #40 sent to localhost:50051
[2025-12-25 16:07:55.599] Request #40 completed - Latency: 61ms - Success: YES
[2025-12-25 16:07:56.99] Request #41 sent to localhost:50051
[2025-12-25 16:07:56.169] Request #41 completed - Latency: 69ms - Success: YES
[2025-12-25 16:07:56.669] Request #42 sent to localhost:50051
[2025-12-25 16:07:56.723] Request #42 completed - Latency: 53ms - Success: YES
[2025-12-25 16:07:57.223] Request #43 sent to localhost:50051
[2025-12-25 16:07:57.284] Request #43 completed - Latency: 60ms - Success: YES
[2025-12-25 16:07:57.785] Request #44 sent to localhost:50051
[2025-12-25 16:07:57.841] Request #44 completed - Latency: 56ms - Success: YES
[2025-12-25 16:07:58.342] Request #45 sent to localhost:50051
[2025-12-25 16:07:58.404] Request #45 completed - Latency: 62ms - Success: YES
[2025-12-25 16:07:58.905] Request #46 sent to localhost:50051
[2025-12-25 16:07:58.973] Request #46 completed - Latency: 67ms - Success: YES
[2025-12-25 16:07:59.473] Request #47 sent to localhost:50051
[2025-12-25 16:07:59.530] Request #47 completed - Latency: 56ms - Success: YES
[2025-12-25 16:08:00.30] Request #48 sent to localhost:50051
[2025-12-25 16:08:00.84] Request #48 completed - Latency: 54ms - Success: YES
[2025-12-25 16:08:00.584] Request #49 sent to localhost:50051
[2025-12-25 16:08:00.655] Request #49 completed - Latency: 70ms - Success: YES
[2025-12-25 16:08:01.156] Request #50 sent to localhost:50051
[2025-12-25 16:08:01.227] Request #50 completed - Latency: 71ms - Success: YES
[2025-12-25 16:08:01.728] Request #51 sent to localhost:50051
[2025-12-25 16:08:01.793] Request #51 completed - Latency: 64ms - Success: YES
[2025-12-25 16:08:02.293] Request #52 sent to localhost:50051
[2025-12-25 16:08:02.356] Request #52 completed - Latency: 62ms - Success: YES
[2025-12-25 16:08:02.856] Request #53 sent to localhost:50051
[2025-12-25 16:08:02.910] Request #53 completed - Latency: 54ms - Success: YES
[2025-12-25 16:08:03.411] Request #54 sent to localhost:50051
[2025-12-25 16:08:03.483] Request #54 completed - Latency: 72ms - Success: YES
[2025-12-25 16:08:03.985] Request #55 sent to localhost:50051
[2025-12-25 16:08:04.56] Request #55 completed - Latency: 71ms - Success: YES
[2025-12-25 16:08:04.567] Request #56 sent to localhost:50051
[2025-12-25 16:08:04.629] Request #56 completed - Latency: 61ms - Success: YES
[2025-12-25 16:08:05.136] Request #57 sent to localhost:50051
[2025-12-25 16:08:05.194] Request #57 completed - Latency: 58ms - Success: YES
[2025-12-25 16:08:05.697] Request #58 sent to localhost:50051
[2025-12-25 16:08:05.758] Request #58 completed - Latency: 60ms - Success: YES
[2025-12-25 16:08:06.266] Request #59 sent to localhost:50051
[2025-12-25 16:08:06.331] Request #59 completed - Latency: 64ms - Success: YES
[2025-12-25 16:08:06.839] Request #60 sent to localhost:50051
[2025-12-25 16:08:06.900] Request #60 completed - Latency: 61ms - Success: YES
[2025-12-25 16:08:07.407] Request #61 sent to localhost:50051
[2025-12-25 16:08:07.474] Request #61 completed - Latency: 67ms - Success: YES
[2025-12-25 16:08:07.980] Request #62 sent to localhost:50051
[2025-12-25 16:08:08.55] Request #62 completed - Latency: 74ms - Success: YES
[2025-12-25 16:08:08.560] Request #63 sent to localhost:50051
[2025-12-25 16:08:08.620] Request #63 completed - Latency: 59ms - Success: YES
[2025-12-25 16:08:09.121] Request #64 sent to localhost:50051
[2025-12-25 16:08:09.187] Request #64 completed - Latency: 66ms - Success: YES
[2025-12-25 16:08:09.692] Request #65 sent to localhost:50051
[2025-12-25 16:08:09.752] Request #65 completed - Latency: 59ms - Success: YES
[2025-12-25 16:08:10.253] Request #66 sent to localhost:50051
[2025-12-25 16:08:10.307] Request #66 completed - Latency: 54ms - Success: YES
[2025-12-25 16:08:10.811] Request #67 sent to localhost:50051
[2025-12-25 16:08:10.869] Request #67 completed - Latency: 58ms - Success: YES
[2025-12-25 16:08:11.372] Request #68 sent to localhost:50051
[2025-12-25 16:08:11.448] Request #68 completed - Latency: 75ms - Success: YES
[2025-12-25 16:08:11.949] Request #69 sent to localhost:50051
[2025-12-25 16:08:12.3] Request #69 completed - Latency: 53ms - Success: YES
[2025-12-25 16:08:12.506] Request #70 sent to localhost:50051
[2025-12-25 16:08:12.569] Request #70 completed - Latency: 63ms - Success: YES
[2025-12-25 16:08:13.69] Request #71 sent to localhost:50051
[2025-12-25 16:08:13.142] Request #71 completed - Latency: 72ms - Success: YES
[2025-12-25 16:08:13.644] Request #72 sent to localhost:50051
[2025-12-25 16:08:13.717] Request #72 completed - Latency: 72ms - Success: YES
[2025-12-25 16:08:14.218] Request #73 sent to localhost:50051
[2025-12-25 16:08:14.285] Request #73 completed - Latency: 67ms - Success: YES
[2025-12-25 16:08:14.787] Request #74 sent to localhost:50051
[2025-12-25 16:08:14.857] Request #74 completed - Latency: 69ms - Success: YES
[2025-12-25 16:08:15.357] Request #75 sent to localhost:50051
[2025-12-25 16:08:15.414] Request #75 completed - Latency: 56ms - Success: YES
[2025-12-25 16:08:15.915] Request #76 sent to localhost:50051
[2025-12-25 16:08:15.972] Request #76 completed - Latency: 57ms - Success: YES
[2025-12-25 16:08:16.472] Request #77 sent to localhost:50051
[2025-12-25 16:08:16.522] Request #77 completed - Latency: 50ms - Success: YES
[2025-12-25 16:08:17.23] Request #78 sent to localhost:50051
[2025-12-25 16:08:17.95] Request #78 completed - Latency: 72ms - Success: YES
[2025-12-25 16:08:17.596] Request #79 sent to localhost:50051
[2025-12-25 16:08:17.653] Request #79 completed - Latency: 56ms - Success: YES
[2025-12-25 16:08:18.153] Request #80 sent to localhost:50051
[2025-12-25 16:08:18.217] Request #80 completed - Latency: 64ms - Success: YES
[2025-12-25 16:08:18.718] Request #81 sent to localhost:50051
[2025-12-25 16:08:18.806] Request #81 completed - Latency: 88ms - Success: YES
[2025-12-25 16:08:19.306] Request #82 sent to localhost:50051
[2025-12-25 16:08:19.390] Request #82 completed - Latency: 83ms - Success: YES
[2025-12-25 16:08:19.890] Request #83 sent to localhost:50051
[2025-12-25 16:08:19.963] Request #83 completed - Latency: 72ms - Success: YES
[2025-12-25 16:08:20.464] Request #84 sent to localhost:50051
[2025-12-25 16:08:20.533] Request #84 completed - Latency: 69ms - Success: YES
[2025-12-25 16:08:21.33] Request #85 sent to localhost:50051
[2025-12-25 16:08:21.94] Request #85 completed - Latency: 60ms - Success: YES
[2025-12-25 16:08:21.595] Request #86 sent to localhost:50051
[2025-12-25 16:08:21.661] Request #86 completed - Latency: 66ms - Success: YES
[2025-12-25 16:08:22.161] Request #87 sent to localhost:50051
[2025-12-25 16:08:22.219] Request #87 completed - Latency: 57ms - Success: YES
[2025-12-25 16:08:22.719] Request #88 sent to localhost:50051
[2025-12-25 16:08:22.790] Request #88 completed - Latency: 71ms - Success: YES
[2025-12-25 16:08:23.291] Request #89 sent to localhost:50051
[2025-12-25 16:08:23.363] Request #89 completed - Latency: 71ms - Success: YES
[2025-12-25 16:08:23.863] Request #90 sent to localhost:50051
[2025-12-25 16:08:23.934] Request #90 completed - Latency: 70ms - Success: YES
[2025-12-25 16:08:24.435] Request #91 sent to localhost:50051
[2025-12-25 16:08:24.514] Request #91 completed - Latency: 78ms - Success: YES
[2025-12-25 16:08:25.15] Request #92 sent to localhost:50051
[2025-12-25 16:08:25.86] Request #92 completed - Latency: 71ms - Success: YES
[2025-12-25 16:08:25.587] Request #93 sent to localhost:50051
[2025-12-25 16:08:25.646] Request #93 completed - Latency: 58ms - Success: YES
[2025-12-25 16:08:26.146] Request #94 sent to localhost:50051
[2025-12-25 16:08:26.202] Request #94 completed - Latency: 55ms - Success: YES
[2025-12-25 16:08:26.703] Request #95 sent to localhost:50051
[2025-12-25 16:08:26.770] Request #95 completed - Latency: 67ms - Success: YES
[2025-12-25 16:08:27.271] Request #96 sent to localhost:50051
[2025-12-25 16:08:27.338] Request #96 completed - Latency: 66ms - Success: YES
[2025-12-25 16:08:27.838] Request #97 sent to localhost:50051
[2025-12-25 16:08:27.898] Request #97 completed - Latency: 60ms - Success: YES
[2025-12-25 16:08:28.399] Request #98 sent to localhost:50051
[2025-12-25 16:08:28.465] Request #98 completed - Latency: 66ms - Success: YES
[2025-12-25 16:08:28.965] Request #99 sent to localhost:50051
[2025-12-25 16:08:29.38] Request #99 completed - Latency: 72ms - Success: YES
[2025-12-25 16:08:29.538] Request #100 sent to localhost:50051
[2025-12-25 16:08:29.608] Request #100 completed - Latency: 70ms - Success: YES
[2025-12-25 16:08:30.108] Request #101 sent to localhost:50051
[2025-12-25 16:08:30.170] Request #101 completed - Latency: 61ms - Success: YES
[2025-12-25 16:08:30.671] Request #102 sent to localhost:50051
[2025-12-25 16:08:30.736] Request #102 completed - Latency: 64ms - Success: YES
[2025-12-25 16:08:31.236] Request #103 sent to localhost:50051
[2025-12-25 16:08:31.299] Request #103 completed - Latency: 62ms - Success: YES
[2025-12-25 16:08:31.800] Request #104 sent to localhost:50051
[2025-12-25 16:08:31.857] Request #104 completed - Latency: 57ms - Success: YES
[2025-12-25 16:08:32.358] Request #105 sent to localhost:50051
[2025-12-25 16:08:32.427] Request #105 completed - Latency: 69ms - Success: YES
[2025-12-25 16:08:32.927] Request #106 sent to localhost:50051
[2025-12-25 16:08:33.17] Request #106 completed - Latency: 89ms - Success: YES

=== New Session: 2025-12-25 16:09:27.892 ===
[2025-12-25 16:09:27.896] Request #1 sent to localhost:50051
[2025-12-25 16:09:27.960] Request #1 completed - Latency: 63ms - Success: YES
[2025-12-25 16:09:28.460] Request #2 sent to localhost:50051
[2025-12-25 16:09:28.520] Request #2 completed - Latency: 59ms - Success: YES
[2025-12-25 16:09:29.20] Request #3 sent to localhost:50051
[2025-12-25 16:09:29.89] Request #3 completed - Latency: 69ms - Success: YES
[2025-12-25 16:09:29.590] Request #4 sent to localhost:50051
[2025-12-25 16:09:29.646] Request #4 completed - Latency: 55ms - Success: YES
[2025-12-25 16:09:30.146] Request #5 sent to localhost:50051
[2025-12-25 16:09:30.204] Request #5 completed - Latency: 58ms - Success: YES
[2025-12-25 16:09:30.705] Request #6 sent to localhost:50051
[2025-12-25 16:09:30.764] Request #6 completed - Latency: 59ms - Success: YES
[2025-12-25 16:09:31.265] Request #7 sent to localhost:50051
[2025-12-25 16:09:31.330] Request #7 completed - Latency: 65ms - Success: YES
[2025-12-25 16:09:31.830] Request #8 sent to localhost:50051
[2025-12-25 16:09:31.888] Request #8 completed - Latency: 57ms - Success: YES
[2025-12-25 16:09:32.388] Request #9 sent to localhost:50051
[2025-12-25 16:09:32.454] Request #9 completed - Latency: 65ms - Success: YES
[2025-12-25 16:09:32.955] Request #10 sent to localhost:50051
[2025-12-25 16:09:33.81] Request #10 completed - Latency: 126ms - Success: YES
[2025-12-25 16:09:33.582] Request #11 sent to localhost:50051
[2025-12-25 16:09:33.641] Request #11 completed - Latency: 58ms - Success: YES
[2025-12-25 16:09:34.141] Request #12 sent to localhost:50051
[2025-12-25 16:09:34.200] Request #12 completed - Latency: 58ms - Success: YES
[2025-12-25 16:09:34.700] Request #13 sent to localhost:50051
[2025-12-25 16:09:34.770] Request #13 completed - Latency: 69ms - Success: YES
[2025-12-25 16:09:35.270] Request #14 sent to localhost:50051
[2025-12-25 16:09:35.328] Request #14 completed - Latency: 57ms - Success: YES
[2025-12-25 16:09:35.828] Request #15 sent to localhost:50051
[2025-12-25 16:09:35.884] Request #15 completed - Latency: 55ms - Success: YES
[2025-12-25 16:09:36.384] Request #16 sent to localhost:50051
[2025-12-25 16:09:36.444] Request #16 completed - Latency: 59ms - Success: YES
[2025-12-25 16:09:36.945] Request #17 sent to localhost:50051
[2025-12-25 16:09:37.10] Request #17 completed - Latency: 64ms - Success: YES
[2025-12-25 16:09:37.511] Request #18 sent to localhost:50051
[2025-12-25 16:09:37.573] Request #18 completed - Latency: 62ms - Success: YES
[2025-12-25 16:09:38.74] Request #19 sent to localhost:50051
[2025-12-25 16:09:38.133] Request #19 completed - Latency: 59ms - Success: YES
[2025-12-25 16:09:38.634] Request #20 sent to localhost:50051
[2025-12-25 16:09:38.692] Request #20 completed - Latency: 57ms - Success: YES
[2025-12-25 16:09:39.192] Request #21 sent to localhost:50051
[2025-12-25 16:09:39.250] Request #21 completed - Latency: 57ms - Success: YES
[2025-12-25 16:09:39.750] Request #22 sent to localhost:50051
[2025-12-25 16:09:39.810] Request #22 completed - Latency: 59ms - Success: YES
[2025-12-25 16:09:40.310] Request #23 sent to localhost:50051
[2025-12-25 16:09:40.364] Request #23 completed - Latency: 54ms - Success: YES
[2025-12-25 16:09:40.865] Request #24 sent to localhost:50051
[2025-12-25 16:09:40.929] Request #24 completed - Latency: 64ms - Success: YES
[2025-12-25 16:09:41.433] Request #25 sent to localhost:50051
[2025-12-25 16:09:41.493] Request #25 completed - Latency: 59ms - Success: YES
[2025-12-25 16:09:41.997] Request #26 sent to localhost:50051
[2025-12-25 16:09:42.59] Request #26 completed - Latency: 62ms - Success: YES
[2025-12-25 16:09:42.562] Request #27 sent to localhost:50051
[2025-12-25 16:09:42.628] Request #27 completed - Latency: 65ms - Success: YES
[2025-12-25 16:09:43.128] Request #28 sent to localhost:50051
[2025-12-25 16:09:43.196] Request #28 completed - Latency: 67ms - Success: YES
[2025-12-25 16:09:43.702] Request #29 sent to localhost:50051
[2025-12-25 16:09:43.766] Request #29 completed - Latency: 63ms - Success: YES
[2025-12-25 16:09:44.268] Request #30 sent to localhost:50051
[2025-12-25 16:09:44.329] Request #30 completed - Latency: 61ms - Success: YES
[2025-12-25 16:09:44.836] Request #31 sent to localhost:50051
[2025-12-25 16:09:44.898] Request #31 completed - Latency: 62ms - Success: YES
[2025-12-25 16:09:45.402] Request #32 sent to localhost:50051
[2025-12-25 16:09:45.463] Request #32 completed - Latency: 61ms - Success: YES
[2025-12-25 16:09:45.964] Request #33 sent to localhost:50051
[2025-12-25 16:09:46.26] Request #33 completed - Latency: 62ms - Success: YES
[2025-12-25 16:09:46.532] Request #34 sent to localhost:50051
[2025-12-25 16:09:46.593] Request #34 completed - Latency: 60ms - Success: YES
[2025-12-25 16:09:47.97] Request #35 sent to localhost:50051
[2025-12-25 16:09:47.158] Request #35 completed - Latency: 61ms - Success: YES
[2025-12-25 16:09:47.661] Request #36 sent to localhost:50051
[2025-12-25 16:09:47.729] Request #36 completed - Latency: 67ms - Success: YES
[2025-12-25 16:09:48.231] Request #37 sent to localhost:50051
[2025-12-25 16:09:48.292] Request #37 completed - Latency: 61ms - Success: YES
[2025-12-25 16:09:48.794] Request #38 sent to localhost:50051
[2025-12-25 16:09:48.864] Request #38 completed - Latency: 69ms - Success: YES
[2025-12-25 16:09:49.366] Request #39 sent to localhost:50051
[2025-12-25 16:09:49.424] Request #39 completed - Latency: 57ms - Success: YES
[2025-12-25 16:09:49.926] Request #40 sent to localhost:50051
[2025-12-25 16:09:49.989] Request #40 completed - Latency: 63ms - Success: YES
[2025-12-25 16:09:50.491] Request #41 sent to localhost:50051
[2025-12-25 16:09:50.615] Request #41 completed - Latency: 124ms - Success: YES
[2025-12-25 16:09:51.116] Request #42 sent to localhost:50051
[2025-12-25 16:09:51.182] Request #42 completed - Latency: 65ms - Success: YES
[2025-12-25 16:09:51.683] Request #43 sent to localhost:50051
[2025-12-25 16:09:51.746] Request #43 completed - Latency: 63ms - Success: YES
[2025-12-25 16:09:52.247] Request #44 sent to localhost:50051
[2025-12-25 16:09:52.307] Request #44 completed - Latency: 60ms - Success: YES
[2025-12-25 16:09:52.808] Request #45 sent to localhost:50051
[2025-12-25 16:09:52.865] Request #45 completed - Latency: 57ms - Success: YES
[2025-12-25 16:09:53.366] Request #46 sent to localhost:50051
[2025-12-25 16:09:53.427] Request #46 completed - Latency: 61ms - Success: YES
[2025-12-25 16:09:53.927] Request #47 sent to localhost:50051
[2025-12-25 16:09:53.989] Request #47 completed - Latency: 61ms - Success: YES
[2025-12-25 16:09:54.490] Request #48 sent to localhost:50051
[2025-12-25 16:09:54.552] Request #48 completed - Latency: 62ms - Success: YES
[2025-12-25 16:09:55.53] Request #49 sent to localhost:50051
[2025-12-25 16:09:55.111] Request #49 completed - Latency: 58ms - Success: YES
[2025-12-25 16:09:55.612] Request #50 sent to localhost:50051
[2025-12-25 16:09:55.671] Request #50 completed - Latency: 58ms - Success: YES
[2025-12-25 16:09:56.171] Request #51 sent to localhost:50051
[2025-12-25 16:09:56.231] Request #51 completed - Latency: 59ms - Success: YES
[2025-12-25 16:09:56.731] Request #52 sent to localhost:50051
[2025-12-25 16:09:56.788] Request #52 completed - Latency: 57ms - Success: YES
[2025-12-25 16:09:57.289] Request #53 sent to localhost:50051
[2025-12-25 16:09:57.348] Request #53 completed - Latency: 59ms - Success: YES
[2025-12-25 16:09:57.849] Request #54 sent to localhost:50051
[2025-12-25 16:09:57.913] Request #54 completed - Latency: 64ms - Success: YES
[2025-12-25 16:09:58.414] Request #55 sent to localhost:50051
[2025-12-25 16:09:58.478] Request #55 completed - Latency: 64ms - Success: YES
[2025-12-25 16:09:58.980] Request #56 sent to localhost:50051
[2025-12-25 16:09:59.40] Request #56 completed - Latency: 60ms - Success: YES
[2025-12-25 16:09:59.541] Request #57 sent to localhost:50051
[2025-12-25 16:09:59.601] Request #57 completed - Latency: 59ms - Success: YES
[2025-12-25 16:10:00.101] Request #58 sent to localhost:50051
[2025-12-25 16:10:00.163] Request #58 completed - Latency: 61ms - Success: YES
[2025-12-25 16:10:00.663] Request #59 sent to localhost:50051
[2025-12-25 16:10:00.723] Request #59 completed - Latency: 59ms - Success: YES
[2025-12-25 16:10:01.223] Request #60 sent to localhost:50051
[2025-12-25 16:10:01.279] Request #60 completed - Latency: 55ms - Success: YES
[2025-12-25 16:10:01.780] Request #61 sent to localhost:50051
[2025-12-25 16:10:01.846] Request #61 completed - Latency: 66ms - Success: YES
[2025-12-25 16:10:02.347] Request #62 sent to localhost:50051
[2025-12-25 16:10:02.409] Request #62 completed - Latency: 61ms - Success: YES
[2025-12-25 16:10:02.909] Request #63 sent to localhost:50051
[2025-12-25 16:10:02.970] Request #63 completed - Latency: 60ms - Success: YES
[2025-12-25 16:10:03.470] Request #64 sent to localhost:50051
[2025-12-25 16:10:03.532] Request #64 completed - Latency: 61ms - Success: YES
[2025-12-25 16:10:04.33] Request #65 sent to localhost:50051
[2025-12-25 16:10:04.91] Request #65 completed - Latency: 58ms - Success: YES
[2025-12-25 16:10:04.591] Request #66 sent to localhost:50051
[2025-12-25 16:10:04.654] Request #66 completed - Latency: 62ms - Success: YES
[2025-12-25 16:10:05.154] Request #67 sent to localhost:50051
[2025-12-25 16:10:05.212] Request #67 completed - Latency: 57ms - Success: YES
[2025-12-25 16:10:05.713] Request #68 sent to localhost:50051
[2025-12-25 16:10:05.773] Request #68 completed - Latency: 59ms - Success: YES
[2025-12-25 16:10:06.274] Request #69 sent to localhost:50051
[2025-12-25 16:10:06.331] Request #69 completed - Latency: 57ms - Success: YES
[2025-12-25 16:10:06.832] Request #70 sent to localhost:50051
[2025-12-25 16:10:06.890] Request #70 completed - Latency: 57ms - Success: YES
[2025-12-25 16:10:07.390] Request #71 sent to localhost:50051
[2025-12-25 16:10:07.451] Request #71 completed - Latency: 60ms - Success: YES
[2025-12-25 16:10:07.951] Request #72 sent to localhost:50051
[2025-12-25 16:10:08.12] Request #72 completed - Latency: 60ms - Success: YES
[2025-12-25 16:10:08.513] Request #73 sent to localhost:50051
[2025-12-25 16:10:08.573] Request #73 completed - Latency: 60ms - Success: YES
[2025-12-25 16:10:09.74] Request #74 sent to localhost:50051
[2025-12-25 16:10:09.135] Request #74 completed - Latency: 61ms - Success: YES
[2025-12-25 16:10:09.635] Request #75 sent to localhost:50051
[2025-12-25 16:10:09.692] Request #75 completed - Latency: 56ms - Success: YES
[2025-12-25 16:10:10.193] Request #76 sent to localhost:50051
[2025-12-25 16:10:10.250] Request #76 completed - Latency: 57ms - Success: YES
[2025-12-25 16:10:10.750] Request #77 sent to localhost:50051
[2025-12-25 16:10:10.811] Request #77 completed - Latency: 60ms - Success: YES
[2025-12-25 16:10:11.311] Request #78 sent to localhost:50051
[2025-12-25 16:10:11.372] Request #78 completed - Latency: 61ms - Success: YES
[2025-12-25 16:10:11.873] Request #79 sent to localhost:50051
[2025-12-25 16:10:11.932] Request #79 completed - Latency: 58ms - Success: YES
[2025-12-25 16:10:12.432] Request #80 sent to localhost:50051
[2025-12-25 16:10:12.490] Request #80 completed - Latency: 57ms - Success: YES
[2025-12-25 16:10:12.991] Request #81 sent to localhost:50051
[2025-12-25 16:10:13.53] Request #81 completed - Latency: 61ms - Success: YES
[2025-12-25 16:10:13.563] Request #82 sent to localhost:50051
[2025-12-25 16:10:13.628] Request #82 completed - Latency: 64ms - Success: YES
[2025-12-25 16:10:14.131] Request #83 sent to localhost:50051
[2025-12-25 16:10:14.196] Request #83 completed - Latency: 64ms - Success: YES
[2025-12-25 16:10:14.698] Request #84 sent to localhost:50051
[2025-12-25 16:10:14.763] Request #84 completed - Latency: 65ms - Success: YES
[2025-12-25 16:10:15.271] Request #85 sent to localhost:50051
[2025-12-25 16:10:15.357] Request #85 completed - Latency: 85ms - Success: YES
[2025-12-25 16:10:15.865] Request #86 sent to localhost:50051
[2025-12-25 16:10:15.934] Request #86 completed - Latency: 68ms - Success: YES
[2025-12-25 16:10:16.440] Request #87 sent to localhost:50051
[2025-12-25 16:10:16.513] Request #87 completed - Latency: 72ms - Success: YES
[2025-12-25 16:10:17.13] Request #88 sent to localhost:50051
[2025-12-25 16:10:17.88] Request #88 completed - Latency: 74ms - Success: YES
[2025-12-25 16:10:17.591] Request #89 sent to localhost:50051
[2025-12-25 16:10:17.824] Request #89 completed - Latency: 232ms - Success: YES
[2025-12-25 16:10:18.330] Request #90 sent to localhost:50051
[2025-12-25 16:10:18.405] Request #90 completed - Latency: 75ms - Success: YES
[2025-12-25 16:10:18.907] Request #91 sent to localhost:50051
[2025-12-25 16:10:19.59] Request #91 completed - Latency: 152ms - Success: YES
[2025-12-25 16:10:19.563] Request #92 sent to localhost:50051
[2025-12-25 16:10:19.730] Request #92 completed - Latency: 167ms - Success: YES
[2025-12-25 16:10:20.233] Request #93 sent to localhost:50051
[2025-12-25 16:10:20.357] Request #93 completed - Latency: 123ms - Success: YES
[2025-12-25 16:10:20.860] Request #94 sent to localhost:50051
[2025-12-25 16:10:21.24] Request #94 completed - Latency: 164ms - Success: YES
[2025-12-25 16:10:21.525] Request #95 sent to localhost:50051
[2025-12-25 16:10:21.613] Request #95 completed - Latency: 88ms - Success: YES
[2025-12-25 16:10:22.114] Request #96 sent to localhost:50051
[2025-12-25 16:10:22.170] Request #96 completed - Latency: 56ms - Success: YES
[2025-12-25 16:10:22.671] Request #97 sent to localhost:50051
[2025-12-25 16:10:22.728] Request #97 completed - Latency: 56ms - Success: YES
[2025-12-25 16:10:23.228] Request #98 sent to localhost:50051
[2025-12-25 16:10:23.281] Request #98 completed - Latency: 53ms - Success: YES
[2025-12-25 16:10:23.782] Request #99 sent to localhost:50051
[2025-12-25 16:10:23.838] Request #99 completed - Latency: 55ms - Success: YES
[2025-12-25 16:10:24.339] Request #100 sent to localhost:50051
[2025-12-25 16:10:24.425] Request #100 completed - Latency: 86ms - Success: YES
[2025-12-25 16:10:24.926] Request #101 sent to localhost:50051
[2025-12-25 16:10:24.973] Request #101 completed - Latency: 46ms - Success: YES
[2025-12-25 16:10:25.473] Request #102 sent to localhost:50051
[2025-12-25 16:10:25.524] Request #102 completed - Latency: 50ms - Success: YES
[2025-12-25 16:10:26.24] Request #103 sent to localhost:50051
[2025-12-25 16:10:26.79] Request #103 completed - Latency: 54ms - Success: YES
[2025-12-25 16:10:26.579] Request #104 sent to localhost:50051
[2025-12-25 16:10:26.635] Request #104 completed - Latency: 55ms - Success: YES
[2025-12-25 16:10:27.136] Request #105 sent to localhost:50051
[2025-12-25 16:10:27.183] Request #105 completed - Latency: 47ms - Success: YES
[2025-12-25 16:10:27.683] Request #106 sent to localhost:50051
[2025-12-25 16:10:27.735] Request #106 completed - Latency: 51ms - Success: YES

=== New Session: 2025-12-25 16:11:33.472 ===
[2025-12-25 16:11:33.478] Request #1 sent to localhost:50051
[2025-12-25 16:11:33.549] Request #1 completed - Latency: 71ms - Success: YES
[2025-12-25 16:11:34.49] Request #2 sent to localhost:50051
[2025-12-25 16:11:34.124] Request #2 completed - Latency: 74ms - Success: YES
[2025-12-25 16:11:34.624] Request #3 sent to localhost:50051
[2025-12-25 16:11:34.687] Request #3 completed - Latency: 62ms - Success: YES
[2025-12-25 16:11:35.188] Request #4 sent to localhost:50051
[2025-12-25 16:11:35.248] Request #4 completed - Latency: 60ms - Success: YES
[2025-12-25 16:11:35.748] Request #5 sent to localhost:50051
[2025-12-25 16:11:35.811] Request #5 completed - Latency: 62ms - Success: YES
[2025-12-25 16:11:36.312] Request #6 sent to localhost:50051
[2025-12-25 16:11:36.361] Request #6 completed - Latency: 49ms - Success: YES
[2025-12-25 16:11:36.861] Request #7 sent to localhost:50051
[2025-12-25 16:11:36.913] Request #7 completed - Latency: 51ms - Success: YES
[2025-12-25 16:11:37.413] Request #8 sent to localhost:50051
[2025-12-25 16:11:37.425] Request #8 completed - Latency: 11ms - Success: NO
[2025-12-25 16:11:37.425] FAILURE - Request #8 on localhost:50051 - Error: Stream failed
[2025-12-25 16:11:37.425] RETRY - Request #8 - Attempt 2 - Switching to localhost:50052
[2025-12-25 16:11:37.425] Request #8 sent to localhost:50052
[2025-12-25 16:11:37.517] Request #8 completed - Latency: 91ms - Success: YES
[2025-12-25 16:11:38.18] Request #9 sent to localhost:50052
[2025-12-25 16:11:38.88] Request #9 completed - Latency: 70ms - Success: YES
[2025-12-25 16:11:38.588] Request #10 sent to localhost:50052
[2025-12-25 16:11:38.649] Request #10 completed - Latency: 60ms - Success: YES
[2025-12-25 16:11:39.149] Request #11 sent to localhost:50052
[2025-12-25 16:11:39.209] Request #11 completed - Latency: 59ms - Success: YES
[2025-12-25 16:11:39.709] Request #12 sent to localhost:50052
[2025-12-25 16:11:39.769] Request #12 completed - Latency: 59ms - Success: YES
[2025-12-25 16:11:40.270] Request #13 sent to localhost:50052
[2025-12-25 16:11:40.345] Request #13 completed - Latency: 75ms - Success: YES
[2025-12-25 16:11:40.846] Request #14 sent to localhost:50052
[2025-12-25 16:11:40.907] Request #14 completed - Latency: 61ms - Success: YES
[2025-12-25 16:11:41.408] Request #15 sent to localhost:50052
[2025-12-25 16:11:41.467] Request #15 completed - Latency: 58ms - Success: YES
[2025-12-25 16:11:41.968] Request #16 sent to localhost:50052
[2025-12-25 16:11:42.31] Request #16 completed - Latency: 62ms - Success: YES
[2025-12-25 16:11:42.531] Request #17 sent to localhost:50052
[2025-12-25 16:11:42.591] Request #17 completed - Latency: 60ms - Success: YES
[2025-12-25 16:11:43.92] Request #18 sent to localhost:50052
[2025-12-25 16:11:43.166] Request #18 completed - Latency: 73ms - Success: YES
[2025-12-25 16:11:43.667] Request #19 sent to localhost:50052
[2025-12-25 16:11:43.722] Request #19 completed - Latency: 54ms - Success: YES
[2025-12-25 16:11:44.222] Request #20 sent to localhost:50052
[2025-12-25 16:11:44.285] Request #20 completed - Latency: 63ms - Success: YES
[2025-12-25 16:11:44.786] Request #21 sent to localhost:50052
[2025-12-25 16:11:44.846] Request #21 completed - Latency: 59ms - Success: YES
[2025-12-25 16:11:45.346] Request #22 sent to localhost:50052
[2025-12-25 16:11:45.411] Request #22 completed - Latency: 64ms - Success: YES
[2025-12-25 16:11:45.911] Request #23 sent to localhost:50052
[2025-12-25 16:11:45.968] Request #23 completed - Latency: 57ms - Success: YES
[2025-12-25 16:11:46.469] Request #24 sent to localhost:50052
[2025-12-25 16:11:46.532] Request #24 completed - Latency: 63ms - Success: YES
[2025-12-25 16:11:47.33] Request #25 sent to localhost:50052
[2025-12-25 16:11:47.92] Request #25 completed - Latency: 58ms - Success: YES
[2025-12-25 16:11:47.592] Request #26 sent to localhost:50052
[2025-12-25 16:11:47.653] Request #26 completed - Latency: 60ms - Success: YES
[2025-12-25 16:11:48.154] Request #27 sent to localhost:50052
[2025-12-25 16:11:48.210] Request #27 completed - Latency: 56ms - Success: YES
[2025-12-25 16:11:48.711] Request #28 sent to localhost:50052
[2025-12-25 16:11:48.767] Request #28 completed - Latency: 56ms - Success: YES
[2025-12-25 16:11:49.268] Request #29 sent to localhost:50052
[2025-12-25 16:11:49.328] Request #29 completed - Latency: 59ms - Success: YES
[2025-12-25 16:11:49.828] Request #30 sent to localhost:50052
[2025-12-25 16:11:49.884] Request #30 completed - Latency: 55ms - Success: YES
[2025-12-25 16:11:50.394] Request #31 sent to localhost:50052
[2025-12-25 16:11:50.460] Request #31 completed - Latency: 66ms - Success: YES
[2025-12-25 16:11:50.966] Request #32 sent to localhost:50052
[2025-12-25 16:11:51.31] Request #32 completed - Latency: 64ms - Success: YES
[2025-12-25 16:11:51.532] Request #33 sent to localhost:50052
[2025-12-25 16:11:51.592] Request #33 completed - Latency: 60ms - Success: YES
[2025-12-25 16:11:52.94] Request #34 sent to localhost:50052
[2025-12-25 16:11:52.151] Request #34 completed - Latency: 56ms - Success: YES
[2025-12-25 16:11:52.658] Request #35 sent to localhost:50052
[2025-12-25 16:11:52.715] Request #35 completed - Latency: 57ms - Success: YES
[2025-12-25 16:11:53.221] Request #36 sent to localhost:50052
[2025-12-25 16:11:53.282] Request #36 completed - Latency: 61ms - Success: YES
[2025-12-25 16:11:53.788] Request #37 sent to localhost:50052
[2025-12-25 16:11:53.852] Request #37 completed - Latency: 64ms - Success: YES
[2025-12-25 16:11:54.357] Request #38 sent to localhost:50052
[2025-12-25 16:11:54.413] Request #38 completed - Latency: 55ms - Success: YES
[2025-12-25 16:11:54.918] Request #39 sent to localhost:50052
[2025-12-25 16:11:54.983] Request #39 completed - Latency: 64ms - Success: YES
[2025-12-25 16:11:55.487] Request #40 sent to localhost:50052
[2025-12-25 16:11:55.551] Request #40 completed - Latency: 63ms - Success: YES
[2025-12-25 16:11:56.53] Request #41 sent to localhost:50052
[2025-12-25 16:11:56.111] Request #41 completed - Latency: 58ms - Success: YES
[2025-12-25 16:11:56.613] Request #42 sent to localhost:50052
[2025-12-25 16:11:56.681] Request #42 completed - Latency: 67ms - Success: YES
[2025-12-25 16:11:57.183] Request #43 sent to localhost:50052
[2025-12-25 16:11:57.244] Request #43 completed - Latency: 61ms - Success: YES
[2025-12-25 16:11:57.746] Request #44 sent to localhost:50052
[2025-12-25 16:11:57.801] Request #44 completed - Latency: 54ms - Success: YES
[2025-12-25 16:11:58.301] Request #45 sent to localhost:50052
[2025-12-25 16:11:58.363] Request #45 completed - Latency: 62ms - Success: YES
[2025-12-25 16:11:58.865] Request #46 sent to localhost:50052
[2025-12-25 16:11:58.934] Request #46 completed - Latency: 68ms - Success: YES
[2025-12-25 16:11:59.436] Request #47 sent to localhost:50052
[2025-12-25 16:11:59.499] Request #47 completed - Latency: 63ms - Success: YES
[2025-12-25 16:12:00.0] Request #48 sent to localhost:50052
[2025-12-25 16:12:00.61] Request #48 completed - Latency: 60ms - Success: YES
[2025-12-25 16:12:00.562] Request #49 sent to localhost:50052
[2025-12-25 16:12:00.626] Request #49 completed - Latency: 63ms - Success: YES
[2025-12-25 16:12:01.127] Request #50 sent to localhost:50052
[2025-12-25 16:12:01.196] Request #50 completed - Latency: 69ms - Success: YES
[2025-12-25 16:12:01.697] Request #51 sent to localhost:50052
[2025-12-25 16:12:01.764] Request #51 completed - Latency: 66ms - Success: YES
[2025-12-25 16:12:02.264] Request #52 sent to localhost:50052
[2025-12-25 16:12:02.320] Request #52 completed - Latency: 56ms - Success: YES
[2025-12-25 16:12:02.821] Request #53 sent to localhost:50052
[2025-12-25 16:12:02.887] Request #53 completed - Latency: 66ms - Success: YES
[2025-12-25 16:12:03.387] Request #54 sent to localhost:50052
[2025-12-25 16:12:03.454] Request #54 completed - Latency: 66ms - Success: YES
[2025-12-25 16:12:03.955] Request #55 sent to localhost:50052
[2025-12-25 16:12:04.21] Request #55 completed - Latency: 66ms - Success: YES
[2025-12-25 16:12:04.522] Request #56 sent to localhost:50052
[2025-12-25 16:12:04.587] Request #56 completed - Latency: 64ms - Success: YES
[2025-12-25 16:12:05.87] Request #57 sent to localhost:50052
[2025-12-25 16:12:05.149] Request #57 completed - Latency: 61ms - Success: YES
[2025-12-25 16:12:05.649] Request #58 sent to localhost:50052
[2025-12-25 16:12:05.711] Request #58 completed - Latency: 61ms - Success: YES
[2025-12-25 16:12:06.211] Request #59 sent to localhost:50052
[2025-12-25 16:12:06.285] Request #59 completed - Latency: 73ms - Success: YES
[2025-12-25 16:12:06.786] Request #60 sent to localhost:50052
[2025-12-25 16:12:06.846] Request #60 completed - Latency: 60ms - Success: YES
[2025-12-25 16:12:07.347] Request #61 sent to localhost:50052
[2025-12-25 16:12:07.412] Request #61 completed - Latency: 65ms - Success: YES
[2025-12-25 16:12:07.913] Request #62 sent to localhost:50052
[2025-12-25 16:12:07.975] Request #62 completed - Latency: 61ms - Success: YES
[2025-12-25 16:12:08.475] Request #63 sent to localhost:50052
[2025-12-25 16:12:08.543] Request #63 completed - Latency: 67ms - Success: YES
[2025-12-25 16:12:09.43] Request #64 sent to localhost:50052
[2025-12-25 16:12:09.108] Request #64 completed - Latency: 65ms - Success: YES
[2025-12-25 16:12:09.609] Request #65 sent to localhost:50052
[2025-12-25 16:12:09.664] Request #65 completed - Latency: 55ms - Success: YES
[2025-12-25 16:12:10.165] Request #66 sent to localhost:50052
[2025-12-25 16:12:10.222] Request #66 completed - Latency: 56ms - Success: YES
[2025-12-25 16:12:10.722] Request #67 sent to localhost:50052
[2025-12-25 16:12:10.784] Request #67 completed - Latency: 62ms - Success: YES
[2025-12-25 16:12:11.285] Request #68 sent to localhost:50052
[2025-12-25 16:12:11.346] Request #68 completed - Latency: 60ms - Success: YES
[2025-12-25 16:12:11.846] Request #69 sent to localhost:50052
[2025-12-25 16:12:11.900] Request #69 completed - Latency: 54ms - Success: YES
[2025-12-25 16:12:12.401] Request #70 sent to localhost:50052
[2025-12-25 16:12:12.465] Request #70 completed - Latency: 64ms - Success: YES
[2025-12-25 16:12:12.966] Request #71 sent to localhost:50052
[2025-12-25 16:12:13.21] Request #71 completed - Latency: 54ms - Success: YES
[2025-12-25 16:12:13.521] Request #72 sent to localhost:50052
[2025-12-25 16:12:13.579] Request #72 completed - Latency: 58ms - Success: YES
[2025-12-25 16:12:14.80] Request #73 sent to localhost:50052
[2025-12-25 16:12:14.142] Request #73 completed - Latency: 61ms - Success: YES
[2025-12-25 16:12:14.643] Request #74 sent to localhost:50052
[2025-12-25 16:12:14.707] Request #74 completed - Latency: 64ms - Success: YES
[2025-12-25 16:12:15.208] Request #75 sent to localhost:50052
[2025-12-25 16:12:15.276] Request #75 completed - Latency: 68ms - Success: YES
[2025-12-25 16:12:15.776] Request #76 sent to localhost:50052
[2025-12-25 16:12:15.836] Request #76 completed - Latency: 59ms - Success: YES
[2025-12-25 16:12:16.337] Request #77 sent to localhost:50052
[2025-12-25 16:12:16.401] Request #77 completed - Latency: 64ms - Success: YES
[2025-12-25 16:12:16.902] Request #78 sent to localhost:50052
[2025-12-25 16:12:16.969] Request #78 completed - Latency: 67ms - Success: YES
[2025-12-25 16:12:17.470] Request #79 sent to localhost:50052
[2025-12-25 16:12:17.531] Request #79 completed - Latency: 61ms - Success: YES
[2025-12-25 16:12:18.32] Request #80 sent to localhost:50052
[2025-12-25 16:12:18.99] Request #80 completed - Latency: 67ms - Success: YES
[2025-12-25 16:12:18.600] Request #81 sent to localhost:50052
[2025-12-25 16:12:18.662] Request #81 completed - Latency: 61ms - Success: YES
[2025-12-25 16:12:19.162] Request #82 sent to localhost:50052
[2025-12-25 16:12:19.228] Request #82 completed - Latency: 65ms - Success: YES
[2025-12-25 16:12:19.729] Request #83 sent to localhost:50052
[2025-12-25 16:12:19.789] Request #83 completed - Latency: 60ms - Success: YES
[2025-12-25 16:12:20.289] Request #84 sent to localhost:50052
[2025-12-25 16:12:20.354] Request #84 completed - Latency: 64ms - Success: YES
[2025-12-25 16:12:20.855] Request #85 sent to localhost:50052
[2025-12-25 16:12:20.909] Request #85 completed - Latency: 54ms - Success: YES
[2025-12-25 16:12:21.410] Request #86 sent to localhost:50052
[2025-12-25 16:12:21.476] Request #86 completed - Latency: 66ms - Success: YES
[2025-12-25 16:12:21.977] Request #87 sent to localhost:50052
[2025-12-25 16:12:22.37] Request #87 completed - Latency: 60ms - Success: YES
[2025-12-25 16:12:22.548] Request #88 sent to localhost:50052
[2025-12-25 16:12:22.616] Request #88 completed - Latency: 68ms - Success: YES
[2025-12-25 16:12:23.118] Request #89 sent to localhost:50052
[2025-12-25 16:12:23.178] Request #89 completed - Latency: 60ms - Success: YES
[2025-12-25 16:12:23.680] Request #90 sent to localhost:50052
[2025-12-25 16:12:23.744] Request #90 completed - Latency: 64ms - Success: YES
[2025-12-25 16:12:24.248] Request #91 sent to localhost:50052
[2025-12-25 16:12:24.317] Request #91 completed - Latency: 68ms - Success: YES
[2025-12-25 16:12:24.822] Request #92 sent to localhost:50052
[2025-12-25 16:12:24.888] Request #92 completed - Latency: 66ms - Success: YES
[2025-12-25 16:12:25.395] Request #93 sent to localhost:50052
[2025-12-25 16:12:25.459] Request #93 completed - Latency: 64ms - Success: YES
[2025-12-25 16:12:25.966] Request #94 sent to localhost:50052
[2025-12-25 16:12:26.32] Request #94 completed - Latency: 65ms - Success: YES
[2025-12-25 16:12:26.537] Request #95 sent to localhost:50052
[2025-12-25 16:12:26.603] Request #95 completed - Latency: 65ms - Success: YES
[2025-12-25 16:12:27.108] Request #96 sent to localhost:50052
[2025-12-25 16:12:27.162] Request #96 completed - Latency: 54ms - Success: YES
[2025-12-25 16:12:27.666] Request #97 sent to localhost:50052
[2025-12-25 16:12:27.804] Request #97 completed - Latency: 137ms - Success: YES
[2025-12-25 16:12:28.307] Request #98 sent to localhost:50052
[2025-12-25 16:12:28.372] Request #98 completed - Latency: 64ms - Success: YES
[2025-12-25 16:12:28.873] Request #99 sent to localhost:50052
[2025-12-25 16:12:28.950] Request #99 completed - Latency: 77ms - Success: YES
[2025-12-25 16:12:29.453] Request #100 sent to localhost:50052
[2025-12-25 16:12:29.520] Request #100 completed - Latency: 66ms - Success: YES
[2025-12-25 16:12:30.21] Request #101 sent to localhost:50052
[2025-12-25 16:12:30.88] Request #101 completed - Latency: 66ms - Success: YES
[2025-12-25 16:12:30.590] Request #102 sent to localhost:50052
[2025-12-25 16:12:30.648] Request #102 completed - Latency: 57ms - Success: YES
[2025-12-25 16:12:31.149] Request #103 sent to localhost:50052
[2025-12-25 16:12:31.211] Request #103 completed - Latency: 62ms - Success: YES
[2025-12-25 16:12:31.712] Request #104 sent to localhost:50052
[2025-12-25 16:12:31.774] Request #104 completed - Latency: 62ms - Success: YES
[2025-12-25 16:12:32.276] Request #105 sent to localhost:50052
[2025-12-25 16:12:32.343] Request #105 completed - Latency: 67ms - Success: YES
[2025-12-25 16:12:32.844] Request #106 sent to localhost:50052
[2025-12-25 16:12:32.916] Request #106 completed - Latency: 72ms - Success: YES
[2025-12-25 16:12:33.417] Request #107 sent to localhost:50052
[2025-12-25 16:12:33.490] Request #107 completed - Latency: 72ms - Success: YES

=== New Session: 2025-12-25 16:15:11.638 ===
[2025-12-25 16:15:11.642] Request #1 sent to localhost:50051
[2025-12-25 16:15:11.752] Request #1 completed - Latency: 109ms - Success: YES
[2025-12-25 16:15:12.252] Request #2 sent to localhost:50051
[2025-12-25 16:15:12.364] Request #2 completed - Latency: 111ms - Success: YES
[2025-12-25 16:15:12.865] Request #3 sent to localhost:50051
[2025-12-25 16:15:12.971] Request #3 completed - Latency: 105ms - Success: YES
[2025-12-25 16:15:13.471] Request #4 sent to localhost:50051
[2025-12-25 16:15:13.610] Request #4 completed - Latency: 138ms - Success: YES
[2025-12-25 16:15:14.110] Request #5 sent to localhost:50051
[2025-12-25 16:15:14.204] Request #5 completed - Latency: 93ms - Success: YES
[2025-12-25 16:15:14.705] Request #6 sent to localhost:50051
[2025-12-25 16:15:14.799] Request #6 completed - Latency: 94ms - Success: YES
[2025-12-25 16:15:15.300] Request #7 sent to localhost:50051
[2025-12-25 16:15:15.355] Request #7 completed - Latency: 54ms - Success: YES
[2025-12-25 16:15:15.855] Request #8 sent to localhost:50051
[2025-12-25 16:15:15.912] Request #8 completed - Latency: 57ms - Success: YES
[2025-12-25 16:15:16.413] Request #9 sent to localhost:50051
[2025-12-25 16:15:16.473] Request #9 completed - Latency: 60ms - Success: YES
[2025-12-25 16:15:16.974] Request #10 sent to localhost:50051
[2025-12-25 16:15:17.30] Request #10 completed - Latency: 55ms - Success: YES
[2025-12-25 16:15:17.530] Request #11 sent to localhost:50051
[2025-12-25 16:15:17.592] Request #11 completed - Latency: 61ms - Success: YES
[2025-12-25 16:15:18.93] Request #12 sent to localhost:50051
[2025-12-25 16:15:23.95] Request #12 completed - Latency: 5002ms - Success: NO
[2025-12-25 16:15:23.96] FAILURE - Request #12 on localhost:50051 - Error: Stream failed
[2025-12-25 16:15:23.97] RETRY - Request #12 - Attempt 2 - Switching to localhost:50052
[2025-12-25 16:15:23.98] Request #12 sent to localhost:50052
[2025-12-25 16:15:23.178] Request #12 completed - Latency: 79ms - Success: YES
[2025-12-25 16:15:23.678] Request #13 sent to localhost:50052
[2025-12-25 16:15:23.750] Request #13 completed - Latency: 72ms - Success: YES
[2025-12-25 16:15:24.251] Request #14 sent to localhost:50052
[2025-12-25 16:15:24.325] Request #14 completed - Latency: 74ms - Success: YES
[2025-12-25 16:15:24.826] Request #15 sent to localhost:50052
[2025-12-25 16:15:24.894] Request #15 completed - Latency: 67ms - Success: YES
[2025-12-25 16:15:25.394] Request #16 sent to localhost:50052
[2025-12-25 16:15:25.453] Request #16 completed - Latency: 58ms - Success: YES
[2025-12-25 16:15:25.954] Request #17 sent to localhost:50052
[2025-12-25 16:15:26.14] Request #17 completed - Latency: 60ms - Success: YES
[2025-12-25 16:15:26.515] Request #18 sent to localhost:50052
[2025-12-25 16:15:26.581] Request #18 completed - Latency: 65ms - Success: YES
[2025-12-25 16:15:27.81] Request #19 sent to localhost:50052
[2025-12-25 16:15:27.148] Request #19 completed - Latency: 67ms - Success: YES
[2025-12-25 16:15:27.649] Request #20 sent to localhost:50052
[2025-12-25 16:15:27.705] Request #20 completed - Latency: 55ms - Success: YES
[2025-12-25 16:15:28.205] Request #21 sent to localhost:50052
[2025-12-25 16:15:28.273] Request #21 completed - Latency: 67ms - Success: YES
[2025-12-25 16:15:28.773] Request #22 sent to localhost:50052
[2025-12-25 16:15:28.829] Request #22 completed - Latency: 55ms - Success: YES
[2025-12-25 16:15:29.329] Request #23 sent to localhost:50052
[2025-12-25 16:15:29.382] Request #23 completed - Latency: 52ms - Success: YES
[2025-12-25 16:15:29.882] Request #24 sent to localhost:50052
[2025-12-25 16:15:29.946] Request #24 completed - Latency: 63ms - Success: YES
[2025-12-25 16:15:30.446] Request #25 sent to localhost:50052
[2025-12-25 16:15:30.523] Request #25 completed - Latency: 76ms - Success: YES
[2025-12-25 16:15:31.24] Request #26 sent to localhost:50052
[2025-12-25 16:15:31.77] Request #26 completed - Latency: 53ms - Success: YES
[2025-12-25 16:15:31.578] Request #27 sent to localhost:50052
[2025-12-25 16:15:31.636] Request #27 completed - Latency: 58ms - Success: YES
[2025-12-25 16:15:32.136] Request #28 sent to localhost:50052
[2025-12-25 16:15:32.194] Request #28 completed - Latency: 57ms - Success: YES
[2025-12-25 16:15:32.695] Request #29 sent to localhost:50052
[2025-12-25 16:15:32.743] Request #29 completed - Latency: 48ms - Success: YES
[2025-12-25 16:15:33.244] Request #30 sent to localhost:50052
[2025-12-25 16:15:33.298] Request #30 completed - Latency: 54ms - Success: YES
[2025-12-25 16:15:33.799] Request #31 sent to localhost:50052
[2025-12-25 16:15:33.858] Request #31 completed - Latency: 59ms - Success: YES
[2025-12-25 16:15:34.358] Request #32 sent to localhost:50052
[2025-12-25 16:15:34.425] Request #32 completed - Latency: 66ms - Success: YES
[2025-12-25 16:15:34.926] Request #33 sent to localhost:50052
[2025-12-25 16:15:34.996] Request #33 completed - Latency: 69ms - Success: YES
[2025-12-25 16:15:35.496] Request #34 sent to localhost:50052
[2025-12-25 16:15:35.580] Request #34 completed - Latency: 84ms - Success: YES
[2025-12-25 16:15:36.82] Request #35 sent to localhost:50052
[2025-12-25 16:15:36.138] Request #35 completed - Latency: 56ms - Success: YES
[2025-12-25 16:15:36.640] Request #36 sent to localhost:50052
[2025-12-25 16:15:36.710] Request #36 completed - Latency: 69ms - Success: YES
[2025-12-25 16:15:37.220] Request #37 sent to localhost:50052
[2025-12-25 16:15:37.275] Request #37 completed - Latency: 54ms - Success: YES
[2025-12-25 16:15:37.778] Request #38 sent to localhost:50052
[2025-12-25 16:15:37.839] Request #38 completed - Latency: 60ms - Success: YES
[2025-12-25 16:15:38.339] Request #39 sent to localhost:50052
[2025-12-25 16:15:38.405] Request #39 completed - Latency: 65ms - Success: YES
[2025-12-25 16:15:38.908] Request #40 sent to localhost:50052
[2025-12-25 16:15:38.974] Request #40 completed - Latency: 65ms - Success: YES
[2025-12-25 16:15:39.475] Request #41 sent to localhost:50052
[2025-12-25 16:15:39.534] Request #41 completed - Latency: 59ms - Success: YES
[2025-12-25 16:15:40.37] Request #42 sent to localhost:50052
[2025-12-25 16:15:40.90] Request #42 completed - Latency: 53ms - Success: YES
[2025-12-25 16:15:40.595] Request #43 sent to localhost:50052
[2025-12-25 16:15:40.649] Request #43 completed - Latency: 53ms - Success: YES
[2025-12-25 16:15:41.151] Request #44 sent to localhost:50052
[2025-12-25 16:15:41.209] Request #44 completed - Latency: 58ms - Success: YES
[2025-12-25 16:15:41.714] Request #45 sent to localhost:50052
[2025-12-25 16:15:41.777] Request #45 completed - Latency: 63ms - Success: YES
[2025-12-25 16:15:42.279] Request #46 sent to localhost:50052
[2025-12-25 16:15:42.332] Request #46 completed - Latency: 53ms - Success: YES
[2025-12-25 16:15:42.836] Request #47 sent to localhost:50052
[2025-12-25 16:15:42.903] Request #47 completed - Latency: 67ms - Success: YES
[2025-12-25 16:15:43.405] Request #48 sent to localhost:50052
[2025-12-25 16:15:43.459] Request #48 completed - Latency: 54ms - Success: YES
[2025-12-25 16:15:43.960] Request #49 sent to localhost:50052
[2025-12-25 16:15:44.31] Request #49 completed - Latency: 71ms - Success: YES
[2025-12-25 16:15:44.532] Request #50 sent to localhost:50052
[2025-12-25 16:15:44.585] Request #50 completed - Latency: 53ms - Success: YES
[2025-12-25 16:15:45.87] Request #51 sent to localhost:50052
[2025-12-25 16:15:45.148] Request #51 completed - Latency: 60ms - Success: YES
[2025-12-25 16:15:45.651] Request #52 sent to localhost:50052
[2025-12-25 16:15:45.706] Request #52 completed - Latency: 55ms - Success: YES
[2025-12-25 16:15:46.208] Request #53 sent to localhost:50052
[2025-12-25 16:15:46.263] Request #53 completed - Latency: 55ms - Success: YES
[2025-12-25 16:15:46.764] Request #54 sent to localhost:50052
[2025-12-25 16:15:46.820] Request #54 completed - Latency: 56ms - Success: YES
[2025-12-25 16:15:47.321] Request #55 sent to localhost:50052
[2025-12-25 16:15:47.380] Request #55 completed - Latency: 59ms - Success: YES
[2025-12-25 16:15:47.880] Request #56 sent to localhost:50052
[2025-12-25 16:15:47.931] Request #56 completed - Latency: 50ms - Success: YES
[2025-12-25 16:15:48.431] Request #57 sent to localhost:50052
[2025-12-25 16:15:48.482] Request #57 completed - Latency: 51ms - Success: YES
[2025-12-25 16:15:48.983] Request #58 sent to localhost:50052
[2025-12-25 16:15:49.37] Request #58 completed - Latency: 53ms - Success: YES
[2025-12-25 16:15:49.537] Request #59 sent to localhost:50052
[2025-12-25 16:15:49.594] Request #59 completed - Latency: 56ms - Success: YES
[2025-12-25 16:15:50.94] Request #60 sent to localhost:50052
[2025-12-25 16:15:50.148] Request #60 completed - Latency: 54ms - Success: YES
[2025-12-25 16:15:50.649] Request #61 sent to localhost:50052
[2025-12-25 16:15:50.709] Request #61 completed - Latency: 60ms - Success: YES
[2025-12-25 16:15:51.209] Request #62 sent to localhost:50052
[2025-12-25 16:15:51.263] Request #62 completed - Latency: 53ms - Success: YES
[2025-12-25 16:15:51.763] Request #63 sent to localhost:50052
[2025-12-25 16:15:51.820] Request #63 completed - Latency: 56ms - Success: YES
[2025-12-25 16:15:52.320] Request #64 sent to localhost:50052
[2025-12-25 16:15:52.374] Request #64 completed - Latency: 53ms - Success: YES
[2025-12-25 16:15:52.874] Request #65 sent to localhost:50052
[2025-12-25 16:15:52.929] Request #65 completed - Latency: 55ms - Success: YES
[2025-12-25 16:15:53.430] Request #66 sent to localhost:50052
[2025-12-25 16:15:53.484] Request #66 completed - Latency: 54ms - Success: YES
[2025-12-25 16:15:53.985] Request #67 sent to localhost:50052
[2025-12-25 16:15:54.39] Request #67 completed - Latency: 54ms - Success: YES
[2025-12-25 16:15:54.540] Request #68 sent to localhost:50052
[2025-12-25 16:15:54.615] Request #68 completed - Latency: 75ms - Success: YES
[2025-12-25 16:15:55.116] Request #69 sent to localhost:50052
[2025-12-25 16:15:55.183] Request #69 completed - Latency: 67ms - Success: YES
[2025-12-25 16:15:55.684] Request #70 sent to localhost:50052
[2025-12-25 16:15:55.752] Request #70 completed - Latency: 67ms - Success: YES
[2025-12-25 16:15:56.253] Request #71 sent to localhost:50052
[2025-12-25 16:15:56.318] Request #71 completed - Latency: 65ms - Success: YES
[2025-12-25 16:15:56.818] Request #72 sent to localhost:50052
[2025-12-25 16:15:56.869] Request #72 completed - Latency: 50ms - Success: YES
[2025-12-25 16:15:57.370] Request #73 sent to localhost:50052
[2025-12-25 16:15:57.432] Request #73 completed - Latency: 62ms - Success: YES
[2025-12-25 16:15:57.933] Request #74 sent to localhost:50052
[2025-12-25 16:15:57.989] Request #74 completed - Latency: 56ms - Success: YES
[2025-12-25 16:15:58.489] Request #75 sent to localhost:50052
[2025-12-25 16:15:58.542] Request #75 completed - Latency: 53ms - Success: YES
[2025-12-25 16:15:59.43] Request #76 sent to localhost:50052
[2025-12-25 16:15:59.100] Request #76 completed - Latency: 56ms - Success: YES
[2025-12-25 16:15:59.600] Request #77 sent to localhost:50052
[2025-12-25 16:15:59.652] Request #77 completed - Latency: 51ms - Success: YES
[2025-12-25 16:16:00.152] Request #78 sent to localhost:50052
[2025-12-25 16:16:00.210] Request #78 completed - Latency: 57ms - Success: YES
[2025-12-25 16:16:00.710] Request #79 sent to localhost:50052
[2025-12-25 16:16:00.764] Request #79 completed - Latency: 53ms - Success: YES
[2025-12-25 16:16:01.264] Request #80 sent to localhost:50052
[2025-12-25 16:16:01.321] Request #80 completed - Latency: 56ms - Success: YES
[2025-12-25 16:16:01.821] Request #81 sent to localhost:50052
[2025-12-25 16:16:01.874] Request #81 completed - Latency: 52ms - Success: YES
[2025-12-25 16:16:02.374] Request #82 sent to localhost:50052
[2025-12-25 16:16:02.429] Request #82 completed - Latency: 54ms - Success: YES
[2025-12-25 16:16:02.930] Request #83 sent to localhost:50052
[2025-12-25 16:16:02.990] Request #83 completed - Latency: 60ms - Success: YES
[2025-12-25 16:16:03.491] Request #84 sent to localhost:50052
[2025-12-25 16:16:03.545] Request #84 completed - Latency: 53ms - Success: YES
[2025-12-25 16:16:04.45] Request #85 sent to localhost:50052
[2025-12-25 16:16:04.100] Request #85 completed - Latency: 54ms - Success: YES
[2025-12-25 16:16:04.600] Request #86 sent to localhost:50052
[2025-12-25 16:16:04.654] Request #86 completed - Latency: 53ms - Success: YES
[2025-12-25 16:16:05.154] Request #87 sent to localhost:50052
[2025-12-25 16:16:05.224] Request #87 completed - Latency: 70ms - Success: YES
[2025-12-25 16:16:05.725] Request #88 sent to localhost:50052
[2025-12-25 16:16:05.789] Request #88 completed - Latency: 64ms - Success: YES
[2025-12-25 16:16:06.290] Request #89 sent to localhost:50052
[2025-12-25 16:16:06.346] Request #89 completed - Latency: 56ms - Success: YES
[2025-12-25 16:16:06.846] Request #90 sent to localhost:50052
[2025-12-25 16:16:06.900] Request #90 completed - Latency: 53ms - Success: YES
[2025-12-25 16:16:07.400] Request #91 sent to localhost:50052
[2025-12-25 16:16:07.456] Request #91 completed - Latency: 55ms - Success: YES
[2025-12-25 16:16:07.956] Request #92 sent to localhost:50052
[2025-12-25 16:16:08.16] Request #92 completed - Latency: 60ms - Success: YES
[2025-12-25 16:16:08.518] Request #93 sent to localhost:50052
[2025-12-25 16:16:08.577] Request #93 completed - Latency: 59ms - Success: YES
[2025-12-25 16:16:09.87] Request #94 sent to localhost:50052
[2025-12-25 16:16:09.147] Request #94 completed - Latency: 60ms - Success: YES
[2025-12-25 16:16:09.656] Request #95 sent to localhost:50052
[2025-12-25 16:16:09.710] Request #95 completed - Latency: 54ms - Success: YES
[2025-12-25 16:16:10.218] Request #96 sent to localhost:50052
[2025-12-25 16:16:10.271] Request #96 completed - Latency: 52ms - Success: YES
[2025-12-25 16:16:10.778] Request #97 sent to localhost:50052
[2025-12-25 16:16:10.832] Request #97 completed - Latency: 53ms - Success: YES
[2025-12-25 16:16:11.333] Request #98 sent to localhost:50052
[2025-12-25 16:16:11.409] Request #98 completed - Latency: 76ms - Success: YES

=== New Session: 2025-12-25 16:21:28.976 ===
[2025-12-25 16:21:28.980] Request #1 sent to localhost:50051
[2025-12-25 16:21:29.4] Request #1 completed - Latency: 23ms - Success: NO
[2025-12-25 16:21:29.4] FAILURE - Request #1 on localhost:50051 - Error: Stream failed
[2025-12-25 16:21:29.5] RETRY - Request #1 - Attempt 2 - Switching to localhost:50052
[2025-12-25 16:21:29.5] Request #1 sent to localhost:50052
[2025-12-25 16:21:29.71] Request #1 completed - Latency: 66ms - Success: YES
[2025-12-25 16:21:29.572] Request #2 sent to localhost:50052
[2025-12-25 16:21:29.637] Request #2 completed - Latency: 65ms - Success: YES
[2025-12-25 16:21:30.140] Request #3 sent to localhost:50052
[2025-12-25 16:21:30.215] Request #3 completed - Latency: 74ms - Success: YES
[2025-12-25 16:21:30.717] Request #4 sent to localhost:50052
[2025-12-25 16:21:30.788] Request #4 completed - Latency: 70ms - Success: YES
[2025-12-25 16:21:31.291] Request #5 sent to localhost:50052
[2025-12-25 16:21:31.353] Request #5 completed - Latency: 61ms - Success: YES
[2025-12-25 16:21:31.856] Request #6 sent to localhost:50052
[2025-12-25 16:21:31.919] Request #6 completed - Latency: 63ms - Success: YES
[2025-12-25 16:21:32.423] Request #7 sent to localhost:50052
[2025-12-25 16:21:32.477] Request #7 completed - Latency: 53ms - Success: YES
[2025-12-25 16:21:32.982] Request #8 sent to localhost:50052
[2025-12-25 16:21:33.39] Request #8 completed - Latency: 57ms - Success: YES
[2025-12-25 16:21:33.545] Request #9 sent to localhost:50052
[2025-12-25 16:21:33.602] Request #9 completed - Latency: 57ms - Success: YES
[2025-12-25 16:21:34.107] Request #10 sent to localhost:50052
[2025-12-25 16:21:34.176] Request #10 completed - Latency: 69ms - Success: YES
[2025-12-25 16:21:34.679] Request #11 sent to localhost:50052
[2025-12-25 16:21:34.742] Request #11 completed - Latency: 63ms - Success: YES
[2025-12-25 16:21:35.248] Request #12 sent to localhost:50052
[2025-12-25 16:21:35.317] Request #12 completed - Latency: 69ms - Success: YES
[2025-12-25 16:21:35.818] Request #13 sent to localhost:50052
[2025-12-25 16:21:35.882] Request #13 completed - Latency: 63ms - Success: YES
[2025-12-25 16:21:36.384] Request #14 sent to localhost:50052
[2025-12-25 16:21:36.445] Request #14 completed - Latency: 60ms - Success: YES
[2025-12-25 16:21:36.945] Request #15 sent to localhost:50052
[2025-12-25 16:21:37.6] Request #15 completed - Latency: 60ms - Success: YES
[2025-12-25 16:21:37.508] Request #16 sent to localhost:50052
[2025-12-25 16:21:37.580] Request #16 completed - Latency: 71ms - Success: YES
[2025-12-25 16:21:38.82] Request #17 sent to localhost:50052
[2025-12-25 16:21:38.156] Request #17 completed - Latency: 74ms - Success: YES
[2025-12-25 16:21:38.657] Request #18 sent to localhost:50052
[2025-12-25 16:21:38.722] Request #18 completed - Latency: 64ms - Success: YES
[2025-12-25 16:21:39.223] Request #19 sent to localhost:50052
[2025-12-25 16:21:39.292] Request #19 completed - Latency: 68ms - Success: YES
[2025-12-25 16:21:39.793] Request #20 sent to localhost:50052
[2025-12-25 16:21:39.867] Request #20 completed - Latency: 73ms - Success: YES
[2025-12-25 16:21:40.367] Request #21 sent to localhost:50052
[2025-12-25 16:21:40.423] Request #21 completed - Latency: 55ms - Success: YES
[2025-12-25 16:21:40.923] Request #22 sent to localhost:50052
[2025-12-25 16:21:40.986] Request #22 completed - Latency: 62ms - Success: YES
[2025-12-25 16:21:41.487] Request #23 sent to localhost:50052
[2025-12-25 16:21:41.553] Request #23 completed - Latency: 66ms - Success: YES
[2025-12-25 16:21:42.54] Request #24 sent to localhost:50052
[2025-12-25 16:21:42.131] Request #24 completed - Latency: 76ms - Success: YES
[2025-12-25 16:21:42.631] Request #25 sent to localhost:50052
[2025-12-25 16:21:42.697] Request #25 completed - Latency: 65ms - Success: YES
[2025-12-25 16:21:43.198] Request #26 sent to localhost:50052
[2025-12-25 16:21:43.264] Request #26 completed - Latency: 66ms - Success: YES
[2025-12-25 16:21:43.764] Request #27 sent to localhost:50052
[2025-12-25 16:21:43.835] Request #27 completed - Latency: 70ms - Success: YES
[2025-12-25 16:21:44.336] Request #28 sent to localhost:50052
[2025-12-25 16:21:44.393] Request #28 completed - Latency: 57ms - Success: YES
[2025-12-25 16:21:44.894] Request #29 sent to localhost:50052
[2025-12-25 16:21:44.951] Request #29 completed - Latency: 57ms - Success: YES

=== New Session: 2025-12-25 16:22:03.935 ===
[2025-12-25 16:22:03.938] Request #1 sent to localhost:50051
[2025-12-25 16:22:04.15] Request #1 completed - Latency: 76ms - Success: YES
[2025-12-25 16:22:04.516] Request #2 sent to localhost:50051
[2025-12-25 16:22:04.585] Request #2 completed - Latency: 68ms - Success: YES
[2025-12-25 16:22:05.85] Request #3 sent to localhost:50051
[2025-12-25 16:22:05.199] Request #3 completed - Latency: 113ms - Success: YES
[2025-12-25 16:22:05.700] Request #4 sent to localhost:50051
[2025-12-25 16:22:05.814] Request #4 completed - Latency: 114ms - Success: YES
[2025-12-25 16:22:06.315] Request #5 sent to localhost:50051
[2025-12-25 16:22:06.416] Request #5 completed - Latency: 101ms - Success: YES
[2025-12-25 16:22:06.917] Request #6 sent to localhost:50051
[2025-12-25 16:22:07.4] Request #6 completed - Latency: 87ms - Success: YES
[2025-12-25 16:22:07.505] Request #7 sent to localhost:50051
[2025-12-25 16:22:07.591] Request #7 completed - Latency: 86ms - Success: YES
[2025-12-25 16:22:08.92] Request #8 sent to localhost:50051
[2025-12-25 16:22:08.152] Request #8 completed - Latency: 60ms - Success: YES
[2025-12-25 16:22:08.652] Request #9 sent to localhost:50051
[2025-12-25 16:22:08.707] Request #9 completed - Latency: 54ms - Success: YES
[2025-12-25 16:22:09.207] Request #10 sent to localhost:50051
[2025-12-25 16:22:09.259] Request #10 completed - Latency: 52ms - Success: YES
[2025-12-25 16:22:09.759] Request #11 sent to localhost:50051
[2025-12-25 16:22:09.821] Request #11 completed - Latency: 62ms - Success: YES
[2025-12-25 16:22:10.322] Request #12 sent to localhost:50051
[2025-12-25 16:22:10.375] Request #12 completed - Latency: 53ms - Success: YES
[2025-12-25 16:22:10.876] Request #13 sent to localhost:50051
[2025-12-25 16:22:10.939] Request #13 completed - Latency: 62ms - Success: YES
[2025-12-25 16:22:11.439] Request #14 sent to localhost:50051
[2025-12-25 16:22:11.498] Request #14 completed - Latency: 59ms - Success: YES
[2025-12-25 16:22:11.999] Request #15 sent to localhost:50051
[2025-12-25 16:22:12.56] Request #15 completed - Latency: 57ms - Success: YES
[2025-12-25 16:22:12.557] Request #16 sent to localhost:50051
[2025-12-25 16:22:17.559] Request #16 completed - Latency: 5002ms - Success: NO
[2025-12-25 16:22:17.559] FAILURE - Request #16 on localhost:50051 - Error: Stream failed
[2025-12-25 16:22:17.560] RETRY - Request #16 - Attempt 2 - Switching to localhost:50052
[2025-12-25 16:22:17.560] Request #16 sent to localhost:50052
[2025-12-25 16:22:17.615] Request #16 completed - Latency: 55ms - Success: YES
[2025-12-25 16:22:18.116] Request #17 sent to localhost:50052
[2025-12-25 16:22:18.172] Request #17 completed - Latency: 56ms - Success: YES
[2025-12-25 16:22:18.672] Request #18 sent to localhost:50052
[2025-12-25 16:22:18.738] Request #18 completed - Latency: 65ms - Success: YES
[2025-12-25 16:22:19.238] Request #19 sent to localhost:50052
[2025-12-25 16:22:19.298] Request #19 completed - Latency: 59ms - Success: YES
[2025-12-25 16:22:19.798] Request #20 sent to localhost:50052
[2025-12-25 16:22:19.860] Request #20 completed - Latency: 61ms - Success: YES
[2025-12-25 16:22:20.360] Request #21 sent to localhost:50052
[2025-12-25 16:22:20.433] Request #21 completed - Latency: 72ms - Success: YES
[2025-12-25 16:22:20.933] Request #22 sent to localhost:50052
[2025-12-25 16:22:20.999] Request #22 completed - Latency: 65ms - Success: YES
[2025-12-25 16:22:21.500] Request #23 sent to localhost:50052
[2025-12-25 16:22:21.575] Request #23 completed - Latency: 75ms - Success: YES
[2025-12-25 16:22:22.76] Request #24 sent to localhost:50052
[2025-12-25 16:22:22.138] Request #24 completed - Latency: 61ms - Success: YES
[2025-12-25 16:22:22.638] Request #25 sent to localhost:50052
[2025-12-25 16:22:22.699] Request #25 completed - Latency: 61ms - Success: YES
[2025-12-25 16:22:23.200] Request #26 sent to localhost:50052
[2025-12-25 16:22:23.258] Request #26 completed - Latency: 58ms - Success: YES
[2025-12-25 16:22:23.759] Request #27 sent to localhost:50052
[2025-12-25 16:22:23.816] Request #27 completed - Latency: 57ms - Success: YES
[2025-12-25 16:22:24.316] Request #28 sent to localhost:50052
[2025-12-25 16:22:24.384] Request #28 completed - Latency: 68ms - Success: YES
[2025-12-25 16:22:24.885] Request #29 sent to localhost:50052
[2025-12-25 16:22:24.943] Request #29 completed - Latency: 57ms - Success: YES
[2025-12-25 16:22:25.443] Request #30 sent to localhost:50052
[2025-12-25 16:22:25.499] Request #30 completed - Latency: 55ms - Success: YES
[2025-12-25 16:22:25.999] Request #31 sent to localhost:50052
[2025-12-25 16:22:26.61] Request #31 completed - Latency: 61ms - Success: YES
[2025-12-25 16:22:26.561] Request #32 sent to localhost:50052
[2025-12-25 16:22:26.615] Request #32 completed - Latency: 53ms - Success: YES
[2025-12-25 16:22:27.115] Request #33 sent to localhost:50052
[2025-12-25 16:22:27.172] Request #33 completed - Latency: 56ms - Success: YES
[2025-12-25 16:22:27.672] Request #34 sent to localhost:50052
[2025-12-25 16:22:27.728] Request #34 completed - Latency: 55ms - Success: YES
[2025-12-25 16:22:28.229] Request #35 sent to localhost:50052
[2025-12-25 16:22:28.288] Request #35 completed - Latency: 59ms - Success: YES
[2025-12-25 16:22:28.788] Request #36 sent to localhost:50052
[2025-12-25 16:22:28.845] Request #36 completed - Latency: 56ms - Success: YES
[2025-12-25 16:22:29.346] Request #37 sent to localhost:50052
[2025-12-25 16:22:29.410] Request #37 completed - Latency: 64ms - Success: YES
[2025-12-25 16:22:29.911] Request #38 sent to localhost:50052
[2025-12-25 16:22:29.978] Request #38 completed - Latency: 66ms - Success: YES
[2025-12-25 16:22:30.478] Request #39 sent to localhost:50052
[2025-12-25 16:22:30.551] Request #39 completed - Latency: 72ms - Success: YES
[2025-12-25 16:22:31.52] Request #40 sent to localhost:50052
[2025-12-25 16:22:31.118] Request #40 completed - Latency: 66ms - Success: YES
[2025-12-25 16:22:31.619] Request #41 sent to localhost:50052
[2025-12-25 16:22:31.685] Request #41 completed - Latency: 66ms - Success: YES
[2025-12-25 16:22:32.186] Request #42 sent to localhost:50052
[2025-12-25 16:22:32.259] Request #42 completed - Latency: 72ms - Success: YES
[2025-12-25 16:22:32.759] Request #43 sent to localhost:50052
[2025-12-25 16:22:32.812] Request #43 completed - Latency: 53ms - Success: YES
[2025-12-25 16:22:33.313] Request #44 sent to localhost:50052
[2025-12-25 16:22:33.373] Request #44 completed - Latency: 60ms - Success: YES
[2025-12-25 16:22:33.874] Request #45 sent to localhost:50052
[2025-12-25 16:22:33.932] Request #45 completed - Latency: 57ms - Success: YES
[2025-12-25 16:22:34.432] Request #46 sent to localhost:50052
[2025-12-25 16:22:34.492] Request #46 completed - Latency: 59ms - Success: YES
[2025-12-25 16:22:34.992] Request #47 sent to localhost:50052
[2025-12-25 16:22:35.64] Request #47 completed - Latency: 72ms - Success: YES
[2025-12-25 16:22:35.569] Request #48 sent to localhost:50052
[2025-12-25 16:22:35.649] Request #48 completed - Latency: 80ms - Success: YES
[2025-12-25 16:22:36.156] Request #49 sent to localhost:50052
[2025-12-25 16:22:36.212] Request #49 completed - Latency: 55ms - Success: YES
[2025-12-25 16:22:36.720] Request #50 sent to localhost:50052
[2025-12-25 16:22:36.772] Request #50 completed - Latency: 52ms - Success: YES
[2025-12-25 16:22:37.280] Request #51 sent to localhost:50052
[2025-12-25 16:22:37.345] Request #51 completed - Latency: 64ms - Success: YES
[2025-12-25 16:22:37.853] Request #52 sent to localhost:50052
[2025-12-25 16:22:37.928] Request #52 completed - Latency: 75ms - Success: YES
[2025-12-25 16:22:38.434] Request #53 sent to localhost:50052
[2025-12-25 16:22:38.495] Request #53 completed - Latency: 60ms - Success: YES
[2025-12-25 16:22:38.999] Request #54 sent to localhost:50052
[2025-12-25 16:22:39.78] Request #54 completed - Latency: 79ms - Success: YES
[2025-12-25 16:22:39.581] Request #55 sent to localhost:50052
[2025-12-25 16:22:39.643] Request #55 completed - Latency: 62ms - Success: YES
[2025-12-25 16:22:40.144] Request #56 sent to localhost:50052
[2025-12-25 16:22:40.209] Request #56 completed - Latency: 64ms - Success: YES
[2025-12-25 16:22:40.711] Request #57 sent to localhost:50052
[2025-12-25 16:22:40.777] Request #57 completed - Latency: 66ms - Success: YES
[2025-12-25 16:22:41.278] Request #58 sent to localhost:50052
[2025-12-25 16:22:41.341] Request #58 completed - Latency: 62ms - Success: YES
[2025-12-25 16:22:41.844] Request #59 sent to localhost:50052
[2025-12-25 16:22:41.912] Request #59 completed - Latency: 67ms - Success: YES
[2025-12-25 16:22:42.413] Request #60 sent to localhost:50052
[2025-12-25 16:22:42.479] Request #60 completed - Latency: 65ms - Success: YES
[2025-12-25 16:22:42.981] Request #61 sent to localhost:50052
[2025-12-25 16:22:43.43] Request #61 completed - Latency: 61ms - Success: YES
[2025-12-25 16:22:43.544] Request #62 sent to localhost:50052
[2025-12-25 16:22:43.611] Request #62 completed - Latency: 67ms - Success: YES
[2025-12-25 16:22:44.112] Request #63 sent to localhost:50052
[2025-12-25 16:22:44.170] Request #63 completed - Latency: 58ms - Success: YES
[2025-12-25 16:22:44.671] Request #64 sent to localhost:50052
[2025-12-25 16:22:44.742] Request #64 completed - Latency: 70ms - Success: YES
[2025-12-25 16:22:45.243] Request #65 sent to localhost:50052
[2025-12-25 16:22:45.309] Request #65 completed - Latency: 66ms - Success: YES
[2025-12-25 16:22:45.810] Request #66 sent to localhost:50052
[2025-12-25 16:22:45.873] Request #66 completed - Latency: 62ms - Success: YES
[2025-12-25 16:22:46.373] Request #67 sent to localhost:50052
[2025-12-25 16:22:46.503] Request #67 completed - Latency: 129ms - Success: YES
[2025-12-25 16:22:47.3] Request #68 sent to localhost:50052
[2025-12-25 16:22:47.62] Request #68 completed - Latency: 58ms - Success: YES
[2025-12-25 16:22:47.563] Request #69 sent to localhost:50052
[2025-12-25 16:22:47.620] Request #69 completed - Latency: 57ms - Success: YES
[2025-12-25 16:22:48.121] Request #70 sent to localhost:50052
[2025-12-25 16:22:48.145] Request #70 completed - Latency: 23ms - Success: NO
[2025-12-25 16:22:48.145] FAILURE - Request #70 on localhost:50052 - Error: Stream failed
[2025-12-25 16:22:48.145] RETRY - Request #70 - Attempt 2 - Switching to localhost:50051
[2025-12-25 16:22:48.145] Request #70 sent to localhost:50051
[2025-12-25 16:22:53.146] Request #70 completed - Latency: 5001ms - Success: NO
[2025-12-25 16:22:53.147] FAILURE - Request #70 on localhost:50051 - Error: Stream failed
[2025-12-25 16:22:54.148] RETRY - Request #70 - Attempt 3 - Switching to localhost:50052
[2025-12-25 16:22:54.148] Request #70 sent to localhost:50052
[2025-12-25 16:22:54.194] Request #70 completed - Latency: 45ms - Success: NO
[2025-12-25 16:22:54.194] FAILURE - Request #70 on localhost:50052 - Error: Stream failed
[2025-12-25 16:22:54.695] Request #71 sent to localhost:50051
[2025-12-25 16:22:59.697] Request #71 completed - Latency: 5002ms - Success: NO
[2025-12-25 16:22:59.697] FAILURE - Request #71 on localhost:50051 - Error: Stream failed
[2025-12-25 16:22:59.697] RETRY - Request #71 - Attempt 2 - Switching to localhost:50052
[2025-12-25 16:22:59.698] Request #71 sent to localhost:50052
[2025-12-25 16:22:59.731] Request #71 completed - Latency: 33ms - Success: NO
[2025-12-25 16:22:59.732] FAILURE - Request #71 on localhost:50052 - Error: Stream failed
[2025-12-25 16:23:00.734] RETRY - Request #71 - Attempt 3 - Switching to localhost:50051
[2025-12-25 16:23:00.735] Request #71 sent to localhost:50051
[2025-12-25 16:23:05.736] Request #71 completed - Latency: 5001ms - Success: NO
[2025-12-25 16:23:05.737] FAILURE - Request #71 on localhost:50051 - Error: Stream failed

=== New Session: 2025-12-25 16:30:50.490 ===
[2025-12-25 16:30:50.494] Request #1 sent to localhost:50051
[2025-12-25 16:30:50.624] Request #1 completed - Latency: 129ms - Success: YES
[2025-12-25 16:30:51.124] Request #2 sent to localhost:50051
[2025-12-25 16:30:51.196] Request #2 completed - Latency: 72ms - Success: YES
[2025-12-25 16:30:51.697] Request #3 sent to localhost:50051
[2025-12-25 16:30:51.770] Request #3 completed - Latency: 73ms - Success: YES
[2025-12-25 16:30:52.270] Request #4 sent to localhost:50051
[2025-12-25 16:30:52.365] Request #4 completed - Latency: 94ms - Success: YES
[2025-12-25 16:30:52.865] Request #5 sent to localhost:50051
[2025-12-25 16:30:52.959] Request #5 completed - Latency: 94ms - Success: YES
[2025-12-25 16:30:53.460] Request #6 sent to localhost:50051
[2025-12-25 16:30:53.539] Request #6 completed - Latency: 79ms - Success: YES
[2025-12-25 16:30:54.39] Request #7 sent to localhost:50051
[2025-12-25 16:30:54.122] Request #7 completed - Latency: 83ms - Success: YES
[2025-12-25 16:30:54.623] Request #8 sent to localhost:50051
[2025-12-25 16:30:54.829] Request #8 completed - Latency: 206ms - Success: YES
[2025-12-25 16:30:55.329] Request #9 sent to localhost:50051
[2025-12-25 16:30:55.395] Request #9 completed - Latency: 65ms - Success: YES
[2025-12-25 16:30:55.896] Request #10 sent to localhost:50051
[2025-12-25 16:30:55.963] Request #10 completed - Latency: 67ms - Success: YES
[2025-12-25 16:30:56.464] Request #11 sent to localhost:50051
[2025-12-25 16:30:56.537] Request #11 completed - Latency: 73ms - Success: YES
[2025-12-25 16:30:57.38] Request #12 sent to localhost:50051
[2025-12-25 16:30:57.102] Request #12 completed - Latency: 64ms - Success: YES
[2025-12-25 16:30:57.603] Request #13 sent to localhost:50051
[2025-12-25 16:30:57.661] Request #13 completed - Latency: 57ms - Success: YES
[2025-12-25 16:30:58.161] Request #14 sent to localhost:50051
[2025-12-25 16:30:58.221] Request #14 completed - Latency: 59ms - Success: YES
[2025-12-25 16:30:58.722] Request #15 sent to localhost:50051
[2025-12-25 16:30:58.783] Request #15 completed - Latency: 60ms - Success: YES
[2025-12-25 16:30:59.283] Request #16 sent to localhost:50051
[2025-12-25 16:30:59.345] Request #16 completed - Latency: 61ms - Success: YES
[2025-12-25 16:30:59.846] Request #17 sent to localhost:50051
[2025-12-25 16:30:59.955] Request #17 completed - Latency: 108ms - Success: YES
[2025-12-25 16:31:00.455] Request #18 sent to localhost:50051
[2025-12-25 16:31:00.520] Request #18 completed - Latency: 65ms - Success: YES
[2025-12-25 16:31:01.21] Request #19 sent to localhost:50051
[2025-12-25 16:31:01.95] Request #19 completed - Latency: 74ms - Success: YES
[2025-12-25 16:31:01.596] Request #20 sent to localhost:50051
[2025-12-25 16:31:01.652] Request #20 completed - Latency: 56ms - Success: YES
[2025-12-25 16:31:02.153] Request #21 sent to localhost:50051
[2025-12-25 16:31:02.218] Request #21 completed - Latency: 64ms - Success: YES
[2025-12-25 16:31:02.718] Request #22 sent to localhost:50051
[2025-12-25 16:31:02.775] Request #22 completed - Latency: 57ms - Success: YES
[2025-12-25 16:31:03.276] Request #23 sent to localhost:50051
[2025-12-25 16:31:03.334] Request #23 completed - Latency: 57ms - Success: YES
[2025-12-25 16:31:03.834] Request #24 sent to localhost:50051
[2025-12-25 16:31:03.889] Request #24 completed - Latency: 54ms - Success: YES
[2025-12-25 16:31:04.390] Request #25 sent to localhost:50051
[2025-12-25 16:31:04.453] Request #25 completed - Latency: 62ms - Success: YES
[2025-12-25 16:31:04.953] Request #26 sent to localhost:50051
[2025-12-25 16:31:05.26] Request #26 completed - Latency: 73ms - Success: YES
[2025-12-25 16:31:05.527] Request #27 sent to localhost:50051
[2025-12-25 16:31:05.614] Request #27 completed - Latency: 87ms - Success: YES
[2025-12-25 16:31:06.115] Request #28 sent to localhost:50051
[2025-12-25 16:31:06.206] Request #28 completed - Latency: 91ms - Success: YES
[2025-12-25 16:31:06.707] Request #29 sent to localhost:50051
[2025-12-25 16:31:06.792] Request #29 completed - Latency: 85ms - Success: YES
[2025-12-25 16:31:07.293] Request #30 sent to localhost:50051
[2025-12-25 16:31:07.587] Request #30 completed - Latency: 294ms - Success: YES
[2025-12-25 16:31:08.87] Request #31 sent to localhost:50051
[2025-12-25 16:31:08.280] Request #31 completed - Latency: 193ms - Success: YES
[2025-12-25 16:31:08.781] Request #32 sent to localhost:50051
[2025-12-25 16:31:08.871] Request #32 completed - Latency: 89ms - Success: YES
[2025-12-25 16:31:09.371] Request #33 sent to localhost:50051
[2025-12-25 16:31:09.445] Request #33 completed - Latency: 73ms - Success: YES
[2025-12-25 16:31:09.946] Request #34 sent to localhost:50051
[2025-12-25 16:31:10.30] Request #34 completed - Latency: 84ms - Success: YES
[2025-12-25 16:31:10.536] Request #35 sent to localhost:50051
[2025-12-25 16:31:10.600] Request #35 completed - Latency: 64ms - Success: YES
[2025-12-25 16:31:11.101] Request #36 sent to localhost:50051
[2025-12-25 16:31:11.169] Request #36 completed - Latency: 68ms - Success: YES
[2025-12-25 16:31:11.676] Request #37 sent to localhost:50051
[2025-12-25 16:31:11.736] Request #37 completed - Latency: 60ms - Success: YES
[2025-12-25 16:31:12.237] Request #38 sent to localhost:50051
[2025-12-25 16:31:12.312] Request #38 completed - Latency: 75ms - Success: YES
[2025-12-25 16:31:12.821] Request #39 sent to localhost:50051
[2025-12-25 16:31:12.877] Request #39 completed - Latency: 55ms - Success: YES
[2025-12-25 16:31:13.377] Request #40 sent to localhost:50051
[2025-12-25 16:31:13.452] Request #40 completed - Latency: 75ms - Success: YES
[2025-12-25 16:31:13.960] Request #41 sent to localhost:50051
[2025-12-25 16:31:14.17] Request #41 completed - Latency: 57ms - Success: YES
[2025-12-25 16:31:14.520] Request #42 sent to localhost:50051
[2025-12-25 16:31:14.582] Request #42 completed - Latency: 62ms - Success: YES
[2025-12-25 16:31:15.89] Request #43 sent to localhost:50051
[2025-12-25 16:31:15.151] Request #43 completed - Latency: 62ms - Success: YES
[2025-12-25 16:31:15.652] Request #44 sent to localhost:50051
[2025-12-25 16:31:15.710] Request #44 completed - Latency: 57ms - Success: YES
[2025-12-25 16:31:16.214] Request #45 sent to localhost:50051
[2025-12-25 16:31:16.330] Request #45 completed - Latency: 115ms - Success: YES
[2025-12-25 16:31:16.834] Request #46 sent to localhost:50051
[2025-12-25 16:31:16.889] Request #46 completed - Latency: 54ms - Success: YES
[2025-12-25 16:31:17.394] Request #47 sent to localhost:50051
[2025-12-25 16:31:17.448] Request #47 completed - Latency: 54ms - Success: YES
[2025-12-25 16:31:17.949] Request #48 sent to localhost:50051
[2025-12-25 16:31:18.1] Request #48 completed - Latency: 52ms - Success: YES
[2025-12-25 16:31:18.502] Request #49 sent to localhost:50051
[2025-12-25 16:31:18.560] Request #49 completed - Latency: 58ms - Success: YES
[2025-12-25 16:31:19.63] Request #50 sent to localhost:50051
[2025-12-25 16:31:19.115] Request #50 completed - Latency: 51ms - Success: YES
[2025-12-25 16:31:19.617] Request #51 sent to localhost:50051
[2025-12-25 16:31:19.799] Request #51 completed - Latency: 182ms - Success: YES
[2025-12-25 16:31:20.301] Request #52 sent to localhost:50051
[2025-12-25 16:31:20.360] Request #52 completed - Latency: 59ms - Success: YES
[2025-12-25 16:31:20.861] Request #53 sent to localhost:50051
[2025-12-25 16:31:20.929] Request #53 completed - Latency: 67ms - Success: YES
[2025-12-25 16:31:21.430] Request #54 sent to localhost:50051
[2025-12-25 16:31:21.483] Request #54 completed - Latency: 53ms - Success: YES
[2025-12-25 16:31:21.984] Request #55 sent to localhost:50051
[2025-12-25 16:31:22.40] Request #55 completed - Latency: 55ms - Success: YES
[2025-12-25 16:31:22.540] Request #56 sent to localhost:50051
[2025-12-25 16:31:22.601] Request #56 completed - Latency: 60ms - Success: YES
[2025-12-25 16:31:23.101] Request #57 sent to localhost:50051
[2025-12-25 16:31:23.159] Request #57 completed - Latency: 57ms - Success: YES
[2025-12-25 16:31:23.659] Request #58 sent to localhost:50051
[2025-12-25 16:31:23.715] Request #58 completed - Latency: 55ms - Success: YES
[2025-12-25 16:31:24.216] Request #59 sent to localhost:50051
[2025-12-25 16:31:24.270] Request #59 completed - Latency: 54ms - Success: YES
[2025-12-25 16:31:24.771] Request #60 sent to localhost:50051
[2025-12-25 16:31:24.829] Request #60 completed - Latency: 57ms - Success: YES
[2025-12-25 16:31:25.329] Request #61 sent to localhost:50051
[2025-12-25 16:31:25.391] Request #61 completed - Latency: 61ms - Success: YES
[2025-12-25 16:31:25.891] Request #62 sent to localhost:50051
[2025-12-25 16:31:25.949] Request #62 completed - Latency: 58ms - Success: YES
[2025-12-25 16:31:26.450] Request #63 sent to localhost:50051
[2025-12-25 16:31:26.520] Request #63 completed - Latency: 70ms - Success: YES
[2025-12-25 16:31:27.20] Request #64 sent to localhost:50051
[2025-12-25 16:31:27.83] Request #64 completed - Latency: 63ms - Success: YES
[2025-12-25 16:31:27.584] Request #65 sent to localhost:50051
[2025-12-25 16:31:27.650] Request #65 completed - Latency: 65ms - Success: YES
[2025-12-25 16:31:28.150] Request #66 sent to localhost:50051
[2025-12-25 16:31:28.229] Request #66 completed - Latency: 78ms - Success: YES
[2025-12-25 16:31:28.729] Request #67 sent to localhost:50051
[2025-12-25 16:31:28.791] Request #67 completed - Latency: 61ms - Success: YES
[2025-12-25 16:31:29.291] Request #68 sent to localhost:50051
[2025-12-25 16:31:29.359] Request #68 completed - Latency: 67ms - Success: YES
[2025-12-25 16:31:29.860] Request #69 sent to localhost:50051
[2025-12-25 16:31:29.923] Request #69 completed - Latency: 63ms - Success: YES
[2025-12-25 16:31:30.424] Request #70 sent to localhost:50051
[2025-12-25 16:31:30.482] Request #70 completed - Latency: 57ms - Success: YES
[2025-12-25 16:31:30.982] Request #71 sent to localhost:50051
[2025-12-25 16:31:31.44] Request #71 completed - Latency: 61ms - Success: YES
[2025-12-25 16:31:31.544] Request #72 sent to localhost:50051
[2025-12-25 16:31:31.598] Request #72 completed - Latency: 53ms - Success: YES
[2025-12-25 16:31:32.99] Request #73 sent to localhost:50051
[2025-12-25 16:31:32.169] Request #73 completed - Latency: 70ms - Success: YES
[2025-12-25 16:31:32.670] Request #74 sent to localhost:50051
[2025-12-25 16:31:32.722] Request #74 completed - Latency: 52ms - Success: YES
[2025-12-25 16:31:33.222] Request #75 sent to localhost:50051
[2025-12-25 16:31:33.279] Request #75 completed - Latency: 56ms - Success: YES
[2025-12-25 16:31:33.779] Request #76 sent to localhost:50051
[2025-12-25 16:31:33.840] Request #76 completed - Latency: 60ms - Success: YES
[2025-12-25 16:31:34.340] Request #77 sent to localhost:50051
[2025-12-25 16:31:34.400] Request #77 completed - Latency: 59ms - Success: YES
[2025-12-25 16:31:34.900] Request #78 sent to localhost:50051
[2025-12-25 16:31:34.956] Request #78 completed - Latency: 55ms - Success: YES
[2025-12-25 16:31:35.456] Request #79 sent to localhost:50051
[2025-12-25 16:31:35.516] Request #79 completed - Latency: 59ms - Success: YES
[2025-12-25 16:31:36.17] Request #80 sent to localhost:50051
[2025-12-25 16:31:36.72] Request #80 completed - Latency: 55ms - Success: YES
[2025-12-25 16:31:36.572] Request #81 sent to localhost:50051
[2025-12-25 16:31:36.636] Request #81 completed - Latency: 63ms - Success: YES
[2025-12-25 16:31:37.136] Request #82 sent to localhost:50051
[2025-12-25 16:31:37.197] Request #82 completed - Latency: 61ms - Success: YES
[2025-12-25 16:31:37.698] Request #83 sent to localhost:50051
[2025-12-25 16:31:37.759] Request #83 completed - Latency: 60ms - Success: YES
[2025-12-25 16:31:38.259] Request #84 sent to localhost:50051
[2025-12-25 16:31:38.321] Request #84 completed - Latency: 61ms - Success: YES
[2025-12-25 16:31:38.822] Request #85 sent to localhost:50051
[2025-12-25 16:31:38.880] Request #85 completed - Latency: 58ms - Success: YES
[2025-12-25 16:31:39.380] Request #86 sent to localhost:50051
[2025-12-25 16:31:39.437] Request #86 completed - Latency: 56ms - Success: YES
[2025-12-25 16:31:39.937] Request #87 sent to localhost:50051
[2025-12-25 16:31:40.0] Request #87 completed - Latency: 62ms - Success: YES
[2025-12-25 16:31:40.500] Request #88 sent to localhost:50051
[2025-12-25 16:31:40.554] Request #88 completed - Latency: 53ms - Success: YES
[2025-12-25 16:31:41.54] Request #89 sent to localhost:50051
[2025-12-25 16:31:41.110] Request #89 completed - Latency: 55ms - Success: YES
[2025-12-25 16:31:41.610] Request #90 sent to localhost:50051
[2025-12-25 16:31:41.668] Request #90 completed - Latency: 57ms - Success: YES
[2025-12-25 16:31:42.168] Request #91 sent to localhost:50051
[2025-12-25 16:31:42.226] Request #91 completed - Latency: 57ms - Success: YES
[2025-12-25 16:31:42.726] Request #92 sent to localhost:50051
[2025-12-25 16:31:42.792] Request #92 completed - Latency: 65ms - Success: YES
[2025-12-25 16:31:43.292] Request #93 sent to localhost:50051
[2025-12-25 16:31:43.356] Request #93 completed - Latency: 64ms - Success: YES
[2025-12-25 16:31:43.857] Request #94 sent to localhost:50051
[2025-12-25 16:31:43.915] Request #94 completed - Latency: 58ms - Success: YES
[2025-12-25 16:31:44.422] Request #95 sent to localhost:50051
[2025-12-25 16:31:44.483] Request #95 completed - Latency: 61ms - Success: YES
[2025-12-25 16:31:44.995] Request #96 sent to localhost:50051
[2025-12-25 16:31:45.51] Request #96 completed - Latency: 56ms - Success: YES
[2025-12-25 16:31:45.556] Request #97 sent to localhost:50051
[2025-12-25 16:31:45.618] Request #97 completed - Latency: 61ms - Success: YES
[2025-12-25 16:31:46.127] Request #98 sent to localhost:50051
[2025-12-25 16:31:46.195] Request #98 completed - Latency: 67ms - Success: YES
[2025-12-25 16:31:46.696] Request #99 sent to localhost:50051
[2025-12-25 16:31:46.764] Request #99 completed - Latency: 68ms - Success: YES
[2025-12-25 16:31:47.271] Request #100 sent to localhost:50051
[2025-12-25 16:31:47.337] Request #100 completed - Latency: 65ms - Success: YES
[2025-12-25 16:31:47.844] Request #101 sent to localhost:50051
[2025-12-25 16:31:47.903] Request #101 completed - Latency: 58ms - Success: YES
[2025-12-25 16:31:48.405] Request #102 sent to localhost:50051
[2025-12-25 16:31:48.476] Request #102 completed - Latency: 71ms - Success: YES
[2025-12-25 16:31:48.978] Request #103 sent to localhost:50051
[2025-12-25 16:31:49.37] Request #103 completed - Latency: 59ms - Success: YES
[2025-12-25 16:31:49.541] Request #104 sent to localhost:50051
[2025-12-25 16:31:49.597] Request #104 completed - Latency: 56ms - Success: YES
[2025-12-25 16:31:50.101] Request #105 sent to localhost:50051
[2025-12-25 16:31:50.163] Request #105 completed - Latency: 61ms - Success: YES
[2025-12-25 16:31:50.667] Request #106 sent to localhost:50051
[2025-12-25 16:31:50.726] Request #106 completed - Latency: 59ms - Success: YES
[2025-12-25 16:31:51.227] Request #107 sent to localhost:50051
[2025-12-25 16:31:51.285] Request #107 completed - Latency: 58ms - Success: YES
[2025-12-25 16:31:51.786] Request #108 sent to localhost:50051
[2025-12-25 16:31:51.846] Request #108 completed - Latency: 59ms - Success: YES
[2025-12-25 16:31:52.348] Request #109 sent to localhost:50051
[2025-12-25 16:31:52.405] Request #109 completed - Latency: 57ms - Success: YES
[2025-12-25 16:31:52.907] Request #110 sent to localhost:50051
[2025-12-25 16:31:52.969] Request #110 completed - Latency: 61ms - Success: YES
[2025-12-25 16:31:53.470] Request #111 sent to localhost:50051
[2025-12-25 16:31:53.531] Request #111 completed - Latency: 60ms - Success: YES
[2025-12-25 16:31:54.32] Request #112 sent to localhost:50051
[2025-12-25 16:31:54.92] Request #112 completed - Latency: 59ms - Success: YES
[2025-12-25 16:31:54.593] Request #113 sent to localhost:50051
[2025-12-25 16:31:54.651] Request #113 completed - Latency: 58ms - Success: YES
[2025-12-25 16:31:55.151] Request #114 sent to localhost:50051
[2025-12-25 16:31:55.213] Request #114 completed - Latency: 61ms - Success: YES
[2025-12-25 16:31:55.714] Request #115 sent to localhost:50051
[2025-12-25 16:31:55.775] Request #115 completed - Latency: 61ms - Success: YES
[2025-12-25 16:31:56.276] Request #116 sent to localhost:50051
[2025-12-25 16:31:56.332] Request #116 completed - Latency: 56ms - Success: YES
[2025-12-25 16:31:56.832] Request #117 sent to localhost:50051
[2025-12-25 16:31:56.890] Request #117 completed - Latency: 57ms - Success: YES
[2025-12-25 16:31:57.390] Request #118 sent to localhost:50051
[2025-12-25 16:31:57.445] Request #118 completed - Latency: 54ms - Success: YES
[2025-12-25 16:31:57.945] Request #119 sent to localhost:50051
[2025-12-25 16:31:58.0] Request #119 completed - Latency: 55ms - Success: YES
[2025-12-25 16:31:58.501] Request #120 sent to localhost:50051
[2025-12-25 16:31:58.566] Request #120 completed - Latency: 65ms - Success: YES
[2025-12-25 16:31:59.66] Request #121 sent to localhost:50051
[2025-12-25 16:31:59.121] Request #121 completed - Latency: 54ms - Success: YES
[2025-12-25 16:31:59.622] Request #122 sent to localhost:50051
[2025-12-25 16:31:59.675] Request #122 completed - Latency: 53ms - Success: YES
[2025-12-25 16:32:00.176] Request #123 sent to localhost:50051
[2025-12-25 16:32:00.234] Request #123 completed - Latency: 57ms - Success: YES
